<?xml version="1.0" encoding="ISO-8859-1" ?>
<link_info>
   <banner>MSP430 Linker PC v18.1.1.LTS</banner>
   <copyright>Copyright (c) 2003-2017 Texas Instruments Incorporated</copyright>
   <link_time>0x5b65e066</link_time>
   <link_errors>0x0</link_errors>
   <output_file>chord_keyboard.out</output_file>
   <entry_point>
      <name>_c_int00_noargs</name>
      <address>0x46d0</address>
   </entry_point>
   <input_file_list>
      <input_file id="fl-2">
         <path>.\</path>
         <kind>object</kind>
         <file>hal.obj</file>
         <name>hal.obj</name>
      </input_file>
      <input_file id="fl-3">
         <path>.\</path>
         <kind>object</kind>
         <file>main.obj</file>
         <name>main.obj</name>
      </input_file>
      <input_file id="fl-4">
         <path>.\USB_API\USB_CDC_API\</path>
         <kind>object</kind>
         <file>UsbCdc.obj</file>
         <name>UsbCdc.obj</name>
      </input_file>
      <input_file id="fl-5">
         <path>.\USB_API\USB_Common\</path>
         <kind>object</kind>
         <file>usb.obj</file>
         <name>usb.obj</name>
      </input_file>
      <input_file id="fl-6">
         <path>.\USB_API\USB_Common\</path>
         <kind>object</kind>
         <file>usbdma.obj</file>
         <name>usbdma.obj</name>
      </input_file>
      <input_file id="fl-7">
         <path>.\USB_API\USB_HID_API\</path>
         <kind>object</kind>
         <file>UsbHid.obj</file>
         <name>UsbHid.obj</name>
      </input_file>
      <input_file id="fl-8">
         <path>.\USB_API\USB_HID_API\</path>
         <kind>object</kind>
         <file>UsbHidReq.obj</file>
         <name>UsbHidReq.obj</name>
      </input_file>
      <input_file id="fl-9">
         <path>.\USB_API\USB_MSC_API\</path>
         <kind>object</kind>
         <file>UsbMscReq.obj</file>
         <name>UsbMscReq.obj</name>
      </input_file>
      <input_file id="fl-a">
         <path>.\USB_API\USB_MSC_API\</path>
         <kind>object</kind>
         <file>UsbMscScsi.obj</file>
         <name>UsbMscScsi.obj</name>
      </input_file>
      <input_file id="fl-b">
         <path>.\USB_API\USB_MSC_API\</path>
         <kind>object</kind>
         <file>UsbMscStateMachine.obj</file>
         <name>UsbMscStateMachine.obj</name>
      </input_file>
      <input_file id="fl-c">
         <path>.\USB_API\USB_PHDC_API\</path>
         <kind>object</kind>
         <file>UsbPHDC.obj</file>
         <name>UsbPHDC.obj</name>
      </input_file>
      <input_file id="fl-d">
         <path>.\USB_app\</path>
         <kind>object</kind>
         <file>keyboard.obj</file>
         <name>keyboard.obj</name>
      </input_file>
      <input_file id="fl-e">
         <path>.\USB_app\</path>
         <kind>object</kind>
         <file>usbEventHandling.obj</file>
         <name>usbEventHandling.obj</name>
      </input_file>
      <input_file id="fl-f">
         <path>.\USB_config\</path>
         <kind>object</kind>
         <file>UsbIsr.obj</file>
         <name>UsbIsr.obj</name>
      </input_file>
      <input_file id="fl-10">
         <path>.\USB_config\</path>
         <kind>object</kind>
         <file>descriptors.obj</file>
         <name>descriptors.obj</name>
      </input_file>
      <input_file id="fl-11">
         <path>.\driverlib\MSP430F5xx_6xx\</path>
         <kind>object</kind>
         <file>adc10_a.obj</file>
         <name>adc10_a.obj</name>
      </input_file>
      <input_file id="fl-12">
         <path>.\driverlib\MSP430F5xx_6xx\</path>
         <kind>object</kind>
         <file>adc12_a.obj</file>
         <name>adc12_a.obj</name>
      </input_file>
      <input_file id="fl-13">
         <path>.\driverlib\MSP430F5xx_6xx\</path>
         <kind>object</kind>
         <file>aes.obj</file>
         <name>aes.obj</name>
      </input_file>
      <input_file id="fl-14">
         <path>.\driverlib\MSP430F5xx_6xx\</path>
         <kind>object</kind>
         <file>battbak.obj</file>
         <name>battbak.obj</name>
      </input_file>
      <input_file id="fl-15">
         <path>.\driverlib\MSP430F5xx_6xx\</path>
         <kind>object</kind>
         <file>comp_b.obj</file>
         <name>comp_b.obj</name>
      </input_file>
      <input_file id="fl-16">
         <path>.\driverlib\MSP430F5xx_6xx\</path>
         <kind>object</kind>
         <file>crc.obj</file>
         <name>crc.obj</name>
      </input_file>
      <input_file id="fl-17">
         <path>.\driverlib\MSP430F5xx_6xx\</path>
         <kind>object</kind>
         <file>ctsd16.obj</file>
         <name>ctsd16.obj</name>
      </input_file>
      <input_file id="fl-18">
         <path>.\driverlib\MSP430F5xx_6xx\</path>
         <kind>object</kind>
         <file>dac12_a.obj</file>
         <name>dac12_a.obj</name>
      </input_file>
      <input_file id="fl-19">
         <path>.\driverlib\MSP430F5xx_6xx\</path>
         <kind>object</kind>
         <file>dma.obj</file>
         <name>dma.obj</name>
      </input_file>
      <input_file id="fl-1a">
         <path>.\driverlib\MSP430F5xx_6xx\</path>
         <kind>object</kind>
         <file>eusci_a_spi.obj</file>
         <name>eusci_a_spi.obj</name>
      </input_file>
      <input_file id="fl-1b">
         <path>.\driverlib\MSP430F5xx_6xx\</path>
         <kind>object</kind>
         <file>eusci_a_uart.obj</file>
         <name>eusci_a_uart.obj</name>
      </input_file>
      <input_file id="fl-1c">
         <path>.\driverlib\MSP430F5xx_6xx\</path>
         <kind>object</kind>
         <file>eusci_b_i2c.obj</file>
         <name>eusci_b_i2c.obj</name>
      </input_file>
      <input_file id="fl-1d">
         <path>.\driverlib\MSP430F5xx_6xx\</path>
         <kind>object</kind>
         <file>eusci_b_spi.obj</file>
         <name>eusci_b_spi.obj</name>
      </input_file>
      <input_file id="fl-1e">
         <path>.\driverlib\MSP430F5xx_6xx\</path>
         <kind>object</kind>
         <file>flashctl.obj</file>
         <name>flashctl.obj</name>
      </input_file>
      <input_file id="fl-1f">
         <path>.\driverlib\MSP430F5xx_6xx\</path>
         <kind>object</kind>
         <file>gpio.obj</file>
         <name>gpio.obj</name>
      </input_file>
      <input_file id="fl-20">
         <path>.\driverlib\MSP430F5xx_6xx\</path>
         <kind>object</kind>
         <file>lcd_b.obj</file>
         <name>lcd_b.obj</name>
      </input_file>
      <input_file id="fl-21">
         <path>.\driverlib\MSP430F5xx_6xx\</path>
         <kind>object</kind>
         <file>lcd_c.obj</file>
         <name>lcd_c.obj</name>
      </input_file>
      <input_file id="fl-22">
         <path>.\driverlib\MSP430F5xx_6xx\</path>
         <kind>object</kind>
         <file>ldopwr.obj</file>
         <name>ldopwr.obj</name>
      </input_file>
      <input_file id="fl-23">
         <path>.\driverlib\MSP430F5xx_6xx\</path>
         <kind>object</kind>
         <file>mpy32.obj</file>
         <name>mpy32.obj</name>
      </input_file>
      <input_file id="fl-24">
         <path>.\driverlib\MSP430F5xx_6xx\</path>
         <kind>object</kind>
         <file>oa.obj</file>
         <name>oa.obj</name>
      </input_file>
      <input_file id="fl-25">
         <path>.\driverlib\MSP430F5xx_6xx\</path>
         <kind>object</kind>
         <file>pmap.obj</file>
         <name>pmap.obj</name>
      </input_file>
      <input_file id="fl-26">
         <path>.\driverlib\MSP430F5xx_6xx\</path>
         <kind>object</kind>
         <file>pmm.obj</file>
         <name>pmm.obj</name>
      </input_file>
      <input_file id="fl-27">
         <path>.\driverlib\MSP430F5xx_6xx\</path>
         <kind>object</kind>
         <file>ram.obj</file>
         <name>ram.obj</name>
      </input_file>
      <input_file id="fl-28">
         <path>.\driverlib\MSP430F5xx_6xx\</path>
         <kind>object</kind>
         <file>ref.obj</file>
         <name>ref.obj</name>
      </input_file>
      <input_file id="fl-29">
         <path>.\driverlib\MSP430F5xx_6xx\</path>
         <kind>object</kind>
         <file>rtc_a.obj</file>
         <name>rtc_a.obj</name>
      </input_file>
      <input_file id="fl-2a">
         <path>.\driverlib\MSP430F5xx_6xx\</path>
         <kind>object</kind>
         <file>rtc_b.obj</file>
         <name>rtc_b.obj</name>
      </input_file>
      <input_file id="fl-2b">
         <path>.\driverlib\MSP430F5xx_6xx\</path>
         <kind>object</kind>
         <file>rtc_c.obj</file>
         <name>rtc_c.obj</name>
      </input_file>
      <input_file id="fl-2c">
         <path>.\driverlib\MSP430F5xx_6xx\</path>
         <kind>object</kind>
         <file>sd24_b.obj</file>
         <name>sd24_b.obj</name>
      </input_file>
      <input_file id="fl-2d">
         <path>.\driverlib\MSP430F5xx_6xx\</path>
         <kind>object</kind>
         <file>sfr.obj</file>
         <name>sfr.obj</name>
      </input_file>
      <input_file id="fl-2e">
         <path>.\driverlib\MSP430F5xx_6xx\</path>
         <kind>object</kind>
         <file>sysctl.obj</file>
         <name>sysctl.obj</name>
      </input_file>
      <input_file id="fl-2f">
         <path>.\driverlib\MSP430F5xx_6xx\</path>
         <kind>object</kind>
         <file>tec.obj</file>
         <name>tec.obj</name>
      </input_file>
      <input_file id="fl-30">
         <path>.\driverlib\MSP430F5xx_6xx\</path>
         <kind>object</kind>
         <file>timer_a.obj</file>
         <name>timer_a.obj</name>
      </input_file>
      <input_file id="fl-31">
         <path>.\driverlib\MSP430F5xx_6xx\</path>
         <kind>object</kind>
         <file>timer_b.obj</file>
         <name>timer_b.obj</name>
      </input_file>
      <input_file id="fl-32">
         <path>.\driverlib\MSP430F5xx_6xx\</path>
         <kind>object</kind>
         <file>timer_d.obj</file>
         <name>timer_d.obj</name>
      </input_file>
      <input_file id="fl-33">
         <path>.\driverlib\MSP430F5xx_6xx\</path>
         <kind>object</kind>
         <file>tlv.obj</file>
         <name>tlv.obj</name>
      </input_file>
      <input_file id="fl-34">
         <path>.\driverlib\MSP430F5xx_6xx\</path>
         <kind>object</kind>
         <file>ucs.obj</file>
         <name>ucs.obj</name>
      </input_file>
      <input_file id="fl-35">
         <path>.\driverlib\MSP430F5xx_6xx\</path>
         <kind>object</kind>
         <file>usci_a_spi.obj</file>
         <name>usci_a_spi.obj</name>
      </input_file>
      <input_file id="fl-36">
         <path>.\driverlib\MSP430F5xx_6xx\</path>
         <kind>object</kind>
         <file>usci_a_uart.obj</file>
         <name>usci_a_uart.obj</name>
      </input_file>
      <input_file id="fl-37">
         <path>.\driverlib\MSP430F5xx_6xx\</path>
         <kind>object</kind>
         <file>usci_b_i2c.obj</file>
         <name>usci_b_i2c.obj</name>
      </input_file>
      <input_file id="fl-38">
         <path>.\driverlib\MSP430F5xx_6xx\</path>
         <kind>object</kind>
         <file>usci_b_spi.obj</file>
         <name>usci_b_spi.obj</name>
      </input_file>
      <input_file id="fl-39">
         <path>.\driverlib\MSP430F5xx_6xx\</path>
         <kind>object</kind>
         <file>wdt_a.obj</file>
         <name>wdt_a.obj</name>
      </input_file>
      <input_file id="fl-40">
         <kind>object</kind>
         <file>&lt;internal&gt;</file>
         <name>&lt;internal&gt;</name>
      </input_file>
      <input_file id="fl-5b">
         <path>C:\ti\ccsv8\tools\compiler\ti-cgt-msp430_18.1.1.LTS\lib\</path>
         <kind>archive</kind>
         <file>rts430x_lc_rd_eabi.lib</file>
         <name>div16s.asm.obj</name>
      </input_file>
      <input_file id="fl-5c">
         <path>C:\ti\ccsv8\tools\compiler\ti-cgt-msp430_18.1.1.LTS\lib\</path>
         <kind>archive</kind>
         <file>rts430x_lc_rd_eabi.lib</file>
         <name>div16u.asm.obj</name>
      </input_file>
      <input_file id="fl-5d">
         <path>C:\ti\ccsv8\tools\compiler\ti-cgt-msp430_18.1.1.LTS\lib\</path>
         <kind>archive</kind>
         <file>rts430x_lc_rd_eabi.lib</file>
         <name>div32s.asm.obj</name>
      </input_file>
      <input_file id="fl-5e">
         <path>C:\ti\ccsv8\tools\compiler\ti-cgt-msp430_18.1.1.LTS\lib\</path>
         <kind>archive</kind>
         <file>rts430x_lc_rd_eabi.lib</file>
         <name>div32u.asm.obj</name>
      </input_file>
      <input_file id="fl-5f">
         <path>C:\ti\ccsv8\tools\compiler\ti-cgt-msp430_18.1.1.LTS\lib\</path>
         <kind>archive</kind>
         <file>rts430x_lc_rd_eabi.lib</file>
         <name>int41.asm.obj</name>
      </input_file>
      <input_file id="fl-60">
         <path>C:\ti\ccsv8\tools\compiler\ti-cgt-msp430_18.1.1.LTS\lib\</path>
         <kind>archive</kind>
         <file>rts430x_lc_rd_eabi.lib</file>
         <name>int42.asm.obj</name>
      </input_file>
      <input_file id="fl-61">
         <path>C:\ti\ccsv8\tools\compiler\ti-cgt-msp430_18.1.1.LTS\lib\</path>
         <kind>archive</kind>
         <file>rts430x_lc_rd_eabi.lib</file>
         <name>int43.asm.obj</name>
      </input_file>
      <input_file id="fl-62">
         <path>C:\ti\ccsv8\tools\compiler\ti-cgt-msp430_18.1.1.LTS\lib\</path>
         <kind>archive</kind>
         <file>rts430x_lc_rd_eabi.lib</file>
         <name>int44.asm.obj</name>
      </input_file>
      <input_file id="fl-63">
         <path>C:\ti\ccsv8\tools\compiler\ti-cgt-msp430_18.1.1.LTS\lib\</path>
         <kind>archive</kind>
         <file>rts430x_lc_rd_eabi.lib</file>
         <name>int45.asm.obj</name>
      </input_file>
      <input_file id="fl-64">
         <path>C:\ti\ccsv8\tools\compiler\ti-cgt-msp430_18.1.1.LTS\lib\</path>
         <kind>archive</kind>
         <file>rts430x_lc_rd_eabi.lib</file>
         <name>int46.asm.obj</name>
      </input_file>
      <input_file id="fl-65">
         <path>C:\ti\ccsv8\tools\compiler\ti-cgt-msp430_18.1.1.LTS\lib\</path>
         <kind>archive</kind>
         <file>rts430x_lc_rd_eabi.lib</file>
         <name>int47.asm.obj</name>
      </input_file>
      <input_file id="fl-66">
         <path>C:\ti\ccsv8\tools\compiler\ti-cgt-msp430_18.1.1.LTS\lib\</path>
         <kind>archive</kind>
         <file>rts430x_lc_rd_eabi.lib</file>
         <name>int49.asm.obj</name>
      </input_file>
      <input_file id="fl-67">
         <path>C:\ti\ccsv8\tools\compiler\ti-cgt-msp430_18.1.1.LTS\lib\</path>
         <kind>archive</kind>
         <file>rts430x_lc_rd_eabi.lib</file>
         <name>int50.asm.obj</name>
      </input_file>
      <input_file id="fl-68">
         <path>C:\ti\ccsv8\tools\compiler\ti-cgt-msp430_18.1.1.LTS\lib\</path>
         <kind>archive</kind>
         <file>rts430x_lc_rd_eabi.lib</file>
         <name>int52.asm.obj</name>
      </input_file>
      <input_file id="fl-69">
         <path>C:\ti\ccsv8\tools\compiler\ti-cgt-msp430_18.1.1.LTS\lib\</path>
         <kind>archive</kind>
         <file>rts430x_lc_rd_eabi.lib</file>
         <name>int53.asm.obj</name>
      </input_file>
      <input_file id="fl-6a">
         <path>C:\ti\ccsv8\tools\compiler\ti-cgt-msp430_18.1.1.LTS\lib\</path>
         <kind>archive</kind>
         <file>rts430x_lc_rd_eabi.lib</file>
         <name>int54.asm.obj</name>
      </input_file>
      <input_file id="fl-6b">
         <path>C:\ti\ccsv8\tools\compiler\ti-cgt-msp430_18.1.1.LTS\lib\</path>
         <kind>archive</kind>
         <file>rts430x_lc_rd_eabi.lib</file>
         <name>int55.asm.obj</name>
      </input_file>
      <input_file id="fl-6c">
         <path>C:\ti\ccsv8\tools\compiler\ti-cgt-msp430_18.1.1.LTS\lib\</path>
         <kind>archive</kind>
         <file>rts430x_lc_rd_eabi.lib</file>
         <name>int56.asm.obj</name>
      </input_file>
      <input_file id="fl-6d">
         <path>C:\ti\ccsv8\tools\compiler\ti-cgt-msp430_18.1.1.LTS\lib\</path>
         <kind>archive</kind>
         <file>rts430x_lc_rd_eabi.lib</file>
         <name>int57.asm.obj</name>
      </input_file>
      <input_file id="fl-6e">
         <path>C:\ti\ccsv8\tools\compiler\ti-cgt-msp430_18.1.1.LTS\lib\</path>
         <kind>archive</kind>
         <file>rts430x_lc_rd_eabi.lib</file>
         <name>int58.asm.obj</name>
      </input_file>
      <input_file id="fl-6f">
         <path>C:\ti\ccsv8\tools\compiler\ti-cgt-msp430_18.1.1.LTS\lib\</path>
         <kind>archive</kind>
         <file>rts430x_lc_rd_eabi.lib</file>
         <name>int59.asm.obj</name>
      </input_file>
      <input_file id="fl-70">
         <path>C:\ti\ccsv8\tools\compiler\ti-cgt-msp430_18.1.1.LTS\lib\</path>
         <kind>archive</kind>
         <file>rts430x_lc_rd_eabi.lib</file>
         <name>int60.asm.obj</name>
      </input_file>
      <input_file id="fl-71">
         <path>C:\ti\ccsv8\tools\compiler\ti-cgt-msp430_18.1.1.LTS\lib\</path>
         <kind>archive</kind>
         <file>rts430x_lc_rd_eabi.lib</file>
         <name>int62.asm.obj</name>
      </input_file>
      <input_file id="fl-72">
         <path>C:\ti\ccsv8\tools\compiler\ti-cgt-msp430_18.1.1.LTS\lib\</path>
         <kind>archive</kind>
         <file>rts430x_lc_rd_eabi.lib</file>
         <name>isr_trap.asm.obj</name>
      </input_file>
      <input_file id="fl-73">
         <path>C:\ti\ccsv8\tools\compiler\ti-cgt-msp430_18.1.1.LTS\lib\</path>
         <kind>archive</kind>
         <file>rts430x_lc_rd_eabi.lib</file>
         <name>lsl16.asm.obj</name>
      </input_file>
      <input_file id="fl-74">
         <path>C:\ti\ccsv8\tools\compiler\ti-cgt-msp430_18.1.1.LTS\lib\</path>
         <kind>archive</kind>
         <file>rts430x_lc_rd_eabi.lib</file>
         <name>lsr16.asm.obj</name>
      </input_file>
      <input_file id="fl-75">
         <path>C:\ti\ccsv8\tools\compiler\ti-cgt-msp430_18.1.1.LTS\lib\</path>
         <kind>archive</kind>
         <file>rts430x_lc_rd_eabi.lib</file>
         <name>lsr32.asm.obj</name>
      </input_file>
      <input_file id="fl-76">
         <path>C:\ti\ccsv8\tools\compiler\ti-cgt-msp430_18.1.1.LTS\lib\</path>
         <kind>archive</kind>
         <file>rts430x_lc_rd_eabi.lib</file>
         <name>mult16.asm.obj</name>
      </input_file>
      <input_file id="fl-77">
         <path>C:\ti\ccsv8\tools\compiler\ti-cgt-msp430_18.1.1.LTS\lib\</path>
         <kind>archive</kind>
         <file>rts430x_lc_rd_eabi.lib</file>
         <name>mult16_f5hw.asm.obj</name>
      </input_file>
      <input_file id="fl-78">
         <path>C:\ti\ccsv8\tools\compiler\ti-cgt-msp430_18.1.1.LTS\lib\</path>
         <kind>archive</kind>
         <file>rts430x_lc_rd_eabi.lib</file>
         <name>mult1632_f5hw.asm.obj</name>
      </input_file>
      <input_file id="fl-79">
         <path>C:\ti\ccsv8\tools\compiler\ti-cgt-msp430_18.1.1.LTS\lib\</path>
         <kind>archive</kind>
         <file>rts430x_lc_rd_eabi.lib</file>
         <name>mult32.asm.obj</name>
      </input_file>
      <input_file id="fl-7a">
         <path>C:\ti\ccsv8\tools\compiler\ti-cgt-msp430_18.1.1.LTS\lib\</path>
         <kind>archive</kind>
         <file>rts430x_lc_rd_eabi.lib</file>
         <name>mult32_f5hw.asm.obj</name>
      </input_file>
      <input_file id="fl-7b">
         <path>C:\ti\ccsv8\tools\compiler\ti-cgt-msp430_18.1.1.LTS\lib\</path>
         <kind>archive</kind>
         <file>rts430x_lc_rd_eabi.lib</file>
         <name>mult3264_f5hw.asm.obj</name>
      </input_file>
      <input_file id="fl-7c">
         <path>C:\ti\ccsv8\tools\compiler\ti-cgt-msp430_18.1.1.LTS\lib\</path>
         <kind>archive</kind>
         <file>rts430x_lc_rd_eabi.lib</file>
         <name>mult64_f5hw.asm.obj</name>
      </input_file>
      <input_file id="fl-7d">
         <path>C:\ti\ccsv8\tools\compiler\ti-cgt-msp430_18.1.1.LTS\lib\</path>
         <kind>archive</kind>
         <file>rts430x_lc_rd_eabi.lib</file>
         <name>boot.c.obj</name>
      </input_file>
      <input_file id="fl-7e">
         <path>C:\ti\ccsv8\tools\compiler\ti-cgt-msp430_18.1.1.LTS\lib\</path>
         <kind>archive</kind>
         <file>rts430x_lc_rd_eabi.lib</file>
         <name>autoinit.c.obj</name>
      </input_file>
      <input_file id="fl-7f">
         <path>C:\ti\ccsv8\tools\compiler\ti-cgt-msp430_18.1.1.LTS\lib\</path>
         <kind>archive</kind>
         <file>rts430x_lc_rd_eabi.lib</file>
         <name>copy_zero_init.c.obj</name>
      </input_file>
      <input_file id="fl-80">
         <path>C:\ti\ccsv8\tools\compiler\ti-cgt-msp430_18.1.1.LTS\lib\</path>
         <kind>archive</kind>
         <file>rts430x_lc_rd_eabi.lib</file>
         <name>cpy_tbl.c.obj</name>
      </input_file>
      <input_file id="fl-81">
         <path>C:\ti\ccsv8\tools\compiler\ti-cgt-msp430_18.1.1.LTS\lib\</path>
         <kind>archive</kind>
         <file>rts430x_lc_rd_eabi.lib</file>
         <name>mpu_init.c.obj</name>
      </input_file>
      <input_file id="fl-82">
         <path>C:\ti\ccsv8\tools\compiler\ti-cgt-msp430_18.1.1.LTS\lib\</path>
         <kind>archive</kind>
         <file>rts430x_lc_rd_eabi.lib</file>
         <name>pre_init.c.obj</name>
      </input_file>
      <input_file id="fl-83">
         <path>C:\ti\ccsv8\tools\compiler\ti-cgt-msp430_18.1.1.LTS\lib\</path>
         <kind>archive</kind>
         <file>rts430x_lc_rd_eabi.lib</file>
         <name>startup.c.obj</name>
      </input_file>
      <input_file id="fl-84">
         <path>C:\ti\ccsv8\tools\compiler\ti-cgt-msp430_18.1.1.LTS\lib\</path>
         <kind>archive</kind>
         <file>rts430x_lc_rd_eabi.lib</file>
         <name>copy_decompress_none.c.obj</name>
      </input_file>
      <input_file id="fl-85">
         <path>C:\ti\ccsv8\tools\compiler\ti-cgt-msp430_18.1.1.LTS\lib\</path>
         <kind>archive</kind>
         <file>rts430x_lc_rd_eabi.lib</file>
         <name>copy_decompress_lzss.c.obj</name>
      </input_file>
      <input_file id="fl-86">
         <path>C:\ti\ccsv8\tools\compiler\ti-cgt-msp430_18.1.1.LTS\lib\</path>
         <kind>archive</kind>
         <file>rts430x_lc_rd_eabi.lib</file>
         <name>exit.c.obj</name>
      </input_file>
      <input_file id="fl-87">
         <path>C:\ti\ccsv8\tools\compiler\ti-cgt-msp430_18.1.1.LTS\lib\</path>
         <kind>archive</kind>
         <file>rts430x_lc_rd_eabi.lib</file>
         <name>_lock.c.obj</name>
      </input_file>
      <input_file id="fl-88">
         <path>C:\ti\ccsv8\tools\compiler\ti-cgt-msp430_18.1.1.LTS\lib\</path>
         <kind>archive</kind>
         <file>rts430x_lc_rd_eabi.lib</file>
         <name>args_main.c.obj</name>
      </input_file>
      <input_file id="fl-89">
         <path>C:\ti\ccsv8\tools\compiler\ti-cgt-msp430_18.1.1.LTS\lib\</path>
         <kind>archive</kind>
         <file>rts430x_lc_rd_eabi.lib</file>
         <name>memcpy.c.obj</name>
      </input_file>
      <input_file id="fl-8a">
         <path>C:\ti\ccsv8\tools\compiler\ti-cgt-msp430_18.1.1.LTS\lib\</path>
         <kind>archive</kind>
         <file>rts430x_lc_rd_eabi.lib</file>
         <name>memset.c.obj</name>
      </input_file>
      <input_file id="fl-8b">
         <path>C:\ti\ccsv8\tools\compiler\ti-cgt-msp430_18.1.1.LTS\lib\</path>
         <kind>archive</kind>
         <file>rts430x_lc_rd_eabi.lib</file>
         <name>exit_gvars.c.obj</name>
      </input_file>
   </input_file_list>
   <object_component_list>
      <object_component id="oc-53a">
         <name>.bss</name>
         <uninitialized>true</uninitialized>
         <run_address>0x243c</run_address>
         <size>0x10</size>
         <input_file_ref idref="fl-5"/>
      </object_component>
      <object_component id="oc-559">
         <name>.bss:HidWriteCtrl</name>
         <uninitialized>true</uninitialized>
         <run_address>0x244c</run_address>
         <size>0xa</size>
         <input_file_ref idref="fl-7"/>
      </object_component>
      <object_component id="oc-4fb">
         <name>.bss:HidReadCtrl</name>
         <uninitialized>true</uninitialized>
         <run_address>0x2422</run_address>
         <size>0x1a</size>
         <input_file_ref idref="fl-7"/>
      </object_component>
      <object_component id="oc-6cc">
         <name>.bss:keyUnion</name>
         <uninitialized>true</uninitialized>
         <run_address>0x2456</run_address>
         <size>0x8</size>
         <input_file_ref idref="fl-d"/>
      </object_component>
      <object_component id="oc-53d">
         <name>.common:wBytesRemainingOnIEP0</name>
         <uninitialized>true</uninitialized>
         <run_address>0x2476</run_address>
         <size>0x2</size>
      </object_component>
      <object_component id="oc-53e">
         <name>.common:wBytesRemainingOnOEP0</name>
         <uninitialized>true</uninitialized>
         <run_address>0x2478</run_address>
         <size>0x2</size>
      </object_component>
      <object_component id="oc-4ee">
         <name>.common:abUsbRequestReturnData</name>
         <uninitialized>true</uninitialized>
         <run_address>0x2466</run_address>
         <size>0x8</size>
      </object_component>
      <object_component id="oc-871">
         <name>.common:abUsbRequestIncomingData</name>
         <uninitialized>true</uninitialized>
         <run_address>0x245e</run_address>
         <size>0x8</size>
      </object_component>
      <object_component id="oc-895">
         <name>.common:abramSerialStringDescriptor</name>
         <uninitialized>true</uninitialized>
         <run_address>0x2400</run_address>
         <size>0x22</size>
      </object_component>
      <object_component id="oc-4ed">
         <name>.common:bStatusAction</name>
         <uninitialized>true</uninitialized>
         <run_address>0x247c</run_address>
         <size>0x1</size>
      </object_component>
      <object_component id="oc-435">
         <name>.common:wUsbEventMask</name>
         <uninitialized>true</uninitialized>
         <run_address>0x247a</run_address>
         <size>0x2</size>
      </object_component>
      <object_component id="oc-562">
         <name>.common:USB_TX_memcpy</name>
         <uninitialized>true</uninitialized>
         <run_address>0x2472</run_address>
         <size>0x4</size>
      </object_component>
      <object_component id="oc-633">
         <name>.common:USB_RX_memcpy</name>
         <uninitialized>true</uninitialized>
         <run_address>0x246e</run_address>
         <size>0x4</size>
      </object_component>
      <object_component id="oc-420">
         <name>.data</name>
         <load_address>0x247e</load_address>
         <run_address>0x247e</run_address>
         <size>0x20</size>
         <input_file_ref idref="fl-3"/>
      </object_component>
      <object_component id="oc-52d">
         <name>.data</name>
         <load_address>0x249e</load_address>
         <run_address>0x249e</run_address>
         <size>0x8</size>
         <input_file_ref idref="fl-5"/>
      </object_component>
      <object_component id="oc-656">
         <name>.data:hidProtocol</name>
         <load_address>0x24ac</load_address>
         <run_address>0x24ac</run_address>
         <size>0x1</size>
         <input_file_ref idref="fl-7"/>
      </object_component>
      <object_component id="oc-84a">
         <name>.data:hidIdleRate</name>
         <load_address>0x24aa</load_address>
         <run_address>0x24aa</run_address>
         <size>0x1</size>
         <input_file_ref idref="fl-7"/>
      </object_component>
      <object_component id="oc-87c">
         <name>.data:report_desc</name>
         <load_address>0x24a6</load_address>
         <run_address>0x24a6</run_address>
         <size>0x4</size>
         <input_file_ref idref="fl-10"/>
      </object_component>
      <object_component id="oc-39f">
         <name>.stack</name>
         <uninitialized>true</uninitialized>
         <run_address>0x4360</run_address>
         <size>0x4</size>
         <input_file_ref idref="fl-7d"/>
      </object_component>
      <object_component id="oc-9c8">
         <name>.stack</name>
         <uninitialized>true</uninitialized>
         <run_address>0x4360</run_address>
         <size>0x0</size>
      </object_component>
      <object_component id="oc-43e">
         <name>.text:HidToBufferFromHost</name>
         <load_address>0x10000</load_address>
         <run_address>0x10000</run_address>
         <size>0x2aa</size>
         <input_file_ref idref="fl-7"/>
      </object_component>
      <object_component id="oc-4bf">
         <name>.text:main</name>
         <load_address>0x102aa</load_address>
         <run_address>0x102aa</run_address>
         <size>0x1ee</size>
         <input_file_ref idref="fl-3"/>
      </object_component>
      <object_component id="oc-486">
         <name>.text:HidToHostFromBuffer</name>
         <load_address>0x10498</load_address>
         <run_address>0x10498</run_address>
         <size>0x1d6</size>
         <input_file_ref idref="fl-7"/>
      </object_component>
      <object_component id="oc-5ca">
         <name>.text:sendMacro</name>
         <load_address>0x1066e</load_address>
         <run_address>0x1066e</run_address>
         <size>0x1a6</size>
         <input_file_ref idref="fl-3"/>
      </object_component>
      <object_component id="oc-59d">
         <name>.text:USBHAL_initButtons</name>
         <load_address>0x10814</load_address>
         <run_address>0x10814</run_address>
         <size>0x132</size>
         <input_file_ref idref="fl-2"/>
      </object_component>
      <object_component id="oc-45c">
         <name>.text:USB_reset</name>
         <load_address>0x10946</load_address>
         <run_address>0x10946</run_address>
         <size>0x132</size>
         <input_file_ref idref="fl-5"/>
      </object_component>
      <object_component id="oc-527">
         <name>.text:USB_enable</name>
         <load_address>0x10a78</load_address>
         <run_address>0x10a78</run_address>
         <size>0x122</size>
         <input_file_ref idref="fl-5"/>
      </object_component>
      <object_component id="oc-519">
         <name>.text:HidCopyUsbToBuff</name>
         <load_address>0x10b9a</load_address>
         <run_address>0x10b9a</run_address>
         <size>0xfa</size>
         <input_file_ref idref="fl-7"/>
      </object_component>
      <object_component id="oc-7fe">
         <name>.text:USB_InitSerialStringDescriptor</name>
         <load_address>0x10c94</load_address>
         <run_address>0x10c94</run_address>
         <size>0xe8</size>
         <input_file_ref idref="fl-5"/>
      </object_component>
      <object_component id="oc-7d9">
         <name>.text:UCS_initFLL</name>
         <load_address>0x10d7c</load_address>
         <run_address>0x10d7c</run_address>
         <size>0xe2</size>
         <input_file_ref idref="fl-34"/>
      </object_component>
      <object_component id="oc-682">
         <name>.text:PMM_setVCoreUp</name>
         <load_address>0x10e5e</load_address>
         <run_address>0x10e5e</run_address>
         <size>0xe0</size>
         <input_file_ref idref="fl-26"/>
      </object_component>
      <object_component id="oc-547">
         <name>.text:USB_determineFreq</name>
         <load_address>0x10f3e</load_address>
         <run_address>0x10f3e</run_address>
         <size>0xdc</size>
         <input_file_ref idref="fl-5"/>
      </object_component>
      <object_component id="oc-591">
         <name>.text:USBHAL_initPorts</name>
         <load_address>0x1101a</load_address>
         <run_address>0x1101a</run_address>
         <size>0xca</size>
         <input_file_ref idref="fl-2"/>
      </object_component>
      <object_component id="oc-7ec">
         <name>.text:USB_determineXT2Freq</name>
         <load_address>0x110e4</load_address>
         <run_address>0x110e4</run_address>
         <size>0xa8</size>
         <input_file_ref idref="fl-5"/>
      </object_component>
      <object_component id="oc-69c">
         <name>.text:UCS_initClockSignal</name>
         <load_address>0x1118c</load_address>
         <run_address>0x1118c</run_address>
         <size>0xa6</size>
         <input_file_ref idref="fl-34"/>
      </object_component>
      <object_component id="oc-8d1">
         <name>.text:USBHID_sendReport</name>
         <load_address>0x11232</load_address>
         <run_address>0x11232</run_address>
         <size>0xa6</size>
         <input_file_ref idref="fl-7"/>
      </object_component>
      <object_component id="oc-6d0">
         <name>.text:USB_init</name>
         <load_address>0x112d8</load_address>
         <run_address>0x112d8</run_address>
         <size>0xa4</size>
         <input_file_ref idref="fl-5"/>
      </object_component>
      <object_component id="oc-688">
         <name>.text:PMM_setVCoreDown</name>
         <load_address>0x1137c</load_address>
         <run_address>0x1137c</run_address>
         <size>0xa2</size>
         <input_file_ref idref="fl-26"/>
      </object_component>
      <object_component id="oc-5d6">
         <name>.text:USB_getConnectionState</name>
         <load_address>0x1141e</load_address>
         <run_address>0x1141e</run_address>
         <size>0x96</size>
         <input_file_ref idref="fl-5"/>
      </object_component>
      <object_component id="oc-6f0">
         <name>.text:Keyboard_press</name>
         <load_address>0x114b4</load_address>
         <run_address>0x114b4</run_address>
         <size>0x94</size>
         <input_file_ref idref="fl-d"/>
      </object_component>
      <object_component id="oc-798">
         <name>.text:usbGetEndpointStatus</name>
         <load_address>0x11548</load_address>
         <run_address>0x11548</run_address>
         <size>0x8a</size>
         <input_file_ref idref="fl-5"/>
      </object_component>
      <object_component id="oc-4ef">
         <name>.text:usbDecodeAndProcessUsbRequest</name>
         <load_address>0x115d2</load_address>
         <run_address>0x115d2</run_address>
         <size>0x86</size>
         <input_file_ref idref="fl-5"/>
      </object_component>
      <object_component id="oc-8bf">
         <name>.text:DMA_init</name>
         <load_address>0x11658</load_address>
         <run_address>0x11658</run_address>
         <size>0x82</size>
         <input_file_ref idref="fl-19"/>
      </object_component>
      <object_component id="oc-5b8">
         <name>.text:Timer_A_initUpMode</name>
         <load_address>0x116da</load_address>
         <run_address>0x116da</run_address>
         <size>0x7c</size>
         <input_file_ref idref="fl-30"/>
      </object_component>
      <object_component id="oc-468">
         <name>.text:PWRVBUSoffHandler</name>
         <load_address>0x11756</load_address>
         <run_address>0x11756</run_address>
         <size>0x76</size>
         <input_file_ref idref="fl-f"/>
      </object_component>
      <object_component id="oc-6d">
         <name>.text:decompress:lzss:__TI_decompress_lzss</name>
         <load_address>0x117cc</load_address>
         <run_address>0x117cc</run_address>
         <size>0x76</size>
         <input_file_ref idref="fl-85"/>
      </object_component>
      <object_component id="oc-573">
         <name>.text:usbSendNextPacketOnIEP0</name>
         <load_address>0x11842</load_address>
         <run_address>0x11842</run_address>
         <size>0x6e</size>
         <input_file_ref idref="fl-5"/>
      </object_component>
      <object_component id="oc-6f6">
         <name>.text:Keyboard_release</name>
         <load_address>0x118b0</load_address>
         <run_address>0x118b0</run_address>
         <size>0x6a</size>
         <input_file_ref idref="fl-d"/>
      </object_component>
      <object_component id="oc-474">
         <name>.text:PWRVBUSonHandler</name>
         <load_address>0x1191a</load_address>
         <run_address>0x1191a</run_address>
         <size>0x6a</size>
         <input_file_ref idref="fl-f"/>
      </object_component>
      <object_component id="oc-5d0">
         <name>.text:sendChord</name>
         <load_address>0x11984</load_address>
         <run_address>0x11984</run_address>
         <size>0x66</size>
         <input_file_ref idref="fl-3"/>
      </object_component>
      <object_component id="oc-8c5">
         <name>.text:memcpyDMA</name>
         <load_address>0x119ea</load_address>
         <run_address>0x119ea</run_address>
         <size>0x64</size>
         <input_file_ref idref="fl-6"/>
      </object_component>
      <object_component id="oc-804">
         <name>.text:USB_initMemcpy</name>
         <load_address>0x11a4e</load_address>
         <run_address>0x11a4e</run_address>
         <size>0x5c</size>
         <input_file_ref idref="fl-6"/>
      </object_component>
      <object_component id="oc-6a2">
         <name>.text</name>
         <load_address>0x11aaa</load_address>
         <run_address>0x11aaa</run_address>
         <size>0x58</size>
         <input_file_ref idref="fl-5e"/>
      </object_component>
      <object_component id="oc-780">
         <name>.text:usbGetStringDescriptor</name>
         <load_address>0x11b02</load_address>
         <run_address>0x11b02</run_address>
         <size>0x58</size>
         <input_file_ref idref="fl-5"/>
      </object_component>
      <object_component id="oc-606">
         <name>.text:__TI_auto_init_nobinit_nopinit_hold_wdt:__TI_auto_init_nobinit_nopinit_hold_wdt</name>
         <load_address>0x11b5a</load_address>
         <run_address>0x11b5a</run_address>
         <size>0x54</size>
         <input_file_ref idref="fl-7e"/>
      </object_component>
      <object_component id="oc-58b">
         <name>.text:PMM_setVCore</name>
         <load_address>0x11bae</load_address>
         <run_address>0x11bae</run_address>
         <size>0x52</size>
         <input_file_ref idref="fl-26"/>
      </object_component>
      <object_component id="oc-566">
         <name>.text:usbReceiveNextPacketOnOEP0</name>
         <load_address>0x11c00</load_address>
         <run_address>0x11c00</run_address>
         <size>0x52</size>
         <input_file_ref idref="fl-5"/>
      </object_component>
      <object_component id="oc-8af">
         <name>.text:TLV_getInfo</name>
         <load_address>0x11c52</load_address>
         <run_address>0x11c52</run_address>
         <size>0x50</size>
         <input_file_ref idref="fl-33"/>
      </object_component>
      <object_component id="oc-429">
         <name>.text:SetupPacketInterruptHandler</name>
         <load_address>0x11ca2</load_address>
         <run_address>0x11ca2</run_address>
         <size>0x48</size>
         <input_file_ref idref="fl-f"/>
      </object_component>
      <object_component id="oc-7b0">
         <name>.text:usbSetEndpointFeature</name>
         <load_address>0x11cea</load_address>
         <run_address>0x11cea</run_address>
         <size>0x48</size>
         <input_file_ref idref="fl-5"/>
      </object_component>
      <object_component id="oc-7f2">
         <name>.text:USB_lookUpPll</name>
         <load_address>0x11d32</load_address>
         <run_address>0x11d32</run_address>
         <size>0x42</size>
         <input_file_ref idref="fl-5"/>
      </object_component>
      <object_component id="oc-768">
         <name>.text:usbClearEndpointFeature</name>
         <load_address>0x11d74</load_address>
         <run_address>0x11d74</run_address>
         <size>0x40</size>
         <input_file_ref idref="fl-5"/>
      </object_component>
      <object_component id="oc-6b9">
         <name>.text:GPIO_setAsInputPinWithPullUpResistor</name>
         <load_address>0x11db4</load_address>
         <run_address>0x11db4</run_address>
         <size>0x3e</size>
         <input_file_ref idref="fl-1f"/>
      </object_component>
      <object_component id="oc-643">
         <name>.text:UCS_turnOnXT2WithTimeout</name>
         <load_address>0x11df2</load_address>
         <run_address>0x11df2</run_address>
         <size>0x3e</size>
         <input_file_ref idref="fl-34"/>
      </object_component>
      <object_component id="oc-597">
         <name>.text:USBHAL_initClocks</name>
         <load_address>0x11e30</load_address>
         <run_address>0x11e30</run_address>
         <size>0x3e</size>
         <input_file_ref idref="fl-2"/>
      </object_component>
      <object_component id="oc-6a7">
         <name>.text:l_lsr_const</name>
         <load_address>0x11e6e</load_address>
         <run_address>0x11e6e</run_address>
         <size>0x3e</size>
         <input_file_ref idref="fl-75"/>
      </object_component>
      <object_component id="oc-48c">
         <name>.text:OEP0InterruptHandler</name>
         <load_address>0x11eac</load_address>
         <run_address>0x11eac</run_address>
         <size>0x3c</size>
         <input_file_ref idref="fl-f"/>
      </object_component>
      <object_component id="oc-5a9">
         <name>.text:USB_setup</name>
         <load_address>0x11ee8</load_address>
         <run_address>0x11ee8</run_address>
         <size>0x3a</size>
         <input_file_ref idref="fl-5"/>
      </object_component>
      <object_component id="oc-6ac">
         <name>.text:UCS_initFLLSettle</name>
         <load_address>0x11f22</load_address>
         <run_address>0x11f22</run_address>
         <size>0x36</size>
         <input_file_ref idref="fl-34"/>
      </object_component>
      <object_component id="oc-911">
         <name>.text:DMA_setDstAddress</name>
         <load_address>0x11f58</load_address>
         <run_address>0x11f58</run_address>
         <size>0x30</size>
         <input_file_ref idref="fl-19"/>
      </object_component>
      <object_component id="oc-6dc">
         <name>.text:USB_getConnectionInformation</name>
         <load_address>0x11f88</load_address>
         <run_address>0x11f88</run_address>
         <size>0x30</size>
         <input_file_ref idref="fl-5"/>
      </object_component>
      <object_component id="oc-450">
         <name>.text:USB_suspend</name>
         <load_address>0x11fb8</load_address>
         <run_address>0x11fb8</run_address>
         <size>0x30</size>
         <input_file_ref idref="fl-5"/>
      </object_component>
      <object_component id="oc-90b">
         <name>.text:DMA_setSrcAddress</name>
         <load_address>0x11fe8</load_address>
         <run_address>0x11fe8</run_address>
         <size>0x2e</size>
         <input_file_ref idref="fl-19"/>
      </object_component>
      <object_component id="oc-53f">
         <name>.text:HidResetData</name>
         <load_address>0x12016</load_address>
         <run_address>0x12016</run_address>
         <size>0x2e</size>
         <input_file_ref idref="fl-7"/>
      </object_component>
      <object_component id="oc-78c">
         <name>.text:usbGetDeviceStatus</name>
         <load_address>0x12044</load_address>
         <run_address>0x12044</run_address>
         <size>0x2c</size>
         <input_file_ref idref="fl-5"/>
      </object_component>
      <object_component id="oc-750">
         <name>.text:usbSetReport</name>
         <load_address>0x12070</load_address>
         <run_address>0x12070</run_address>
         <size>0x2a</size>
         <input_file_ref idref="fl-8"/>
      </object_component>
      <object_component id="oc-695">
         <name>.text:GPIO_setAsOutputPin</name>
         <load_address>0x1209a</load_address>
         <run_address>0x1209a</run_address>
         <size>0x28</size>
         <input_file_ref idref="fl-1f"/>
      </object_component>
      <object_component id="oc-63d">
         <name>.text:GPIO_setAsPeripheralModuleFunctionOutputPin</name>
         <load_address>0x120c2</load_address>
         <run_address>0x120c2</run_address>
         <size>0x28</size>
         <input_file_ref idref="fl-1f"/>
      </object_component>
      <object_component id="oc-7a4">
         <name>.text:usbSetConfiguration</name>
         <load_address>0x120ea</load_address>
         <run_address>0x120ea</run_address>
         <size>0x26</size>
         <input_file_ref idref="fl-5"/>
      </object_component>
      <object_component id="oc-3d2">
         <name>.text:decompress:ZI:__TI_zero_init_nomemset:__TI_zero_init_nomemset</name>
         <load_address>0x12110</load_address>
         <run_address>0x12110</run_address>
         <size>0x24</size>
         <input_file_ref idref="fl-7f"/>
      </object_component>
      <object_component id="oc-744">
         <name>.text:usbSetProtocol</name>
         <load_address>0x12134</load_address>
         <run_address>0x12134</run_address>
         <size>0x24</size>
         <input_file_ref idref="fl-8"/>
      </object_component>
      <object_component id="oc-49e">
         <name>.text:USB_disable</name>
         <load_address>0x12158</load_address>
         <run_address>0x12158</run_address>
         <size>0x22</size>
         <input_file_ref idref="fl-5"/>
      </object_component>
      <object_component id="oc-8b9">
         <name>.text:memcpyV</name>
         <load_address>0x1217a</load_address>
         <run_address>0x1217a</run_address>
         <size>0x22</size>
         <input_file_ref idref="fl-6"/>
      </object_component>
      <object_component id="oc-756">
         <name>.text:usbGetReportDescriptor</name>
         <load_address>0x1219c</load_address>
         <run_address>0x1219c</run_address>
         <size>0x22</size>
         <input_file_ref idref="fl-8"/>
      </object_component>
      <object_component id="oc-84d">
         <name>.text:usbSendDataPacketOnEP0</name>
         <load_address>0x121be</load_address>
         <run_address>0x121be</run_address>
         <size>0x22</size>
         <input_file_ref idref="fl-5"/>
      </object_component>
      <object_component id="oc-585">
         <name>.text:WDT_A_hold</name>
         <load_address>0x121e0</load_address>
         <run_address>0x121e0</run_address>
         <size>0x20</size>
         <input_file_ref idref="fl-39"/>
      </object_component>
      <object_component id="oc-75c">
         <name>.text:usbGetHidDescriptor</name>
         <load_address>0x12200</load_address>
         <run_address>0x12200</run_address>
         <size>0x20</size>
         <input_file_ref idref="fl-8"/>
      </object_component>
      <object_component id="oc-74a">
         <name>.text:usbGetReport</name>
         <load_address>0x12220</load_address>
         <run_address>0x12220</run_address>
         <size>0x20</size>
         <input_file_ref idref="fl-8"/>
      </object_component>
      <object_component id="oc-79e">
         <name>.text:usbSetAddress</name>
         <load_address>0x12240</load_address>
         <run_address>0x12240</run_address>
         <size>0x20</size>
         <input_file_ref idref="fl-5"/>
      </object_component>
      <object_component id="oc-6bf">
         <name>.text:GPIO_clearInterrupt</name>
         <load_address>0x12260</load_address>
         <run_address>0x12260</run_address>
         <size>0x1e</size>
         <input_file_ref idref="fl-1f"/>
      </object_component>
      <object_component id="oc-6c5">
         <name>.text:GPIO_disableInterrupt</name>
         <load_address>0x1227e</load_address>
         <run_address>0x1227e</run_address>
         <size>0x1e</size>
         <input_file_ref idref="fl-1f"/>
      </object_component>
      <object_component id="oc-786">
         <name>.text:usbGetInterface</name>
         <load_address>0x1229c</load_address>
         <run_address>0x1229c</run_address>
         <size>0x1e</size>
         <input_file_ref idref="fl-5"/>
      </object_component>
      <object_component id="oc-792">
         <name>.text:usbGetInterfaceStatus</name>
         <load_address>0x122ba</load_address>
         <run_address>0x122ba</run_address>
         <size>0x1e</size>
         <input_file_ref idref="fl-5"/>
      </object_component>
      <object_component id="oc-738">
         <name>.text:usbSetIdle</name>
         <load_address>0x122d8</load_address>
         <run_address>0x122d8</run_address>
         <size>0x1e</size>
         <input_file_ref idref="fl-8"/>
      </object_component>
      <object_component id="oc-5be">
         <name>.text:GPIO_getInputPinValue</name>
         <load_address>0x122f6</load_address>
         <run_address>0x122f6</run_address>
         <size>0x1c</size>
         <input_file_ref idref="fl-1f"/>
      </object_component>
      <object_component id="oc-6b3">
         <name>.text:GPIO_setOutputHighOnPin</name>
         <load_address>0x12312</load_address>
         <run_address>0x12312</run_address>
         <size>0x1c</size>
         <input_file_ref idref="fl-1f"/>
      </object_component>
      <object_component id="oc-68f">
         <name>.text:GPIO_setOutputLowOnPin</name>
         <load_address>0x1232e</load_address>
         <run_address>0x1232e</run_address>
         <size>0x1c</size>
         <input_file_ref idref="fl-1f"/>
      </object_component>
      <object_component id="oc-492">
         <name>.text:IEP0InterruptHandler</name>
         <load_address>0x1234a</load_address>
         <run_address>0x1234a</run_address>
         <size>0x1c</size>
         <input_file_ref idref="fl-f"/>
      </object_component>
      <object_component id="oc-732">
         <name>.text:usbGetIdle</name>
         <load_address>0x12366</load_address>
         <run_address>0x12366</run_address>
         <size>0x1c</size>
         <input_file_ref idref="fl-8"/>
      </object_component>
      <object_component id="oc-42f">
         <name>.text:HidIsReceiveInProgress</name>
         <load_address>0x12382</load_address>
         <run_address>0x12382</run_address>
         <size>0x1a</size>
         <input_file_ref idref="fl-7"/>
      </object_component>
      <object_component id="oc-551">
         <name>.text:USB_connect</name>
         <load_address>0x1239c</load_address>
         <run_address>0x1239c</run_address>
         <size>0x1a</size>
         <input_file_ref idref="fl-5"/>
      </object_component>
      <object_component id="oc-47a">
         <name>.text:USB_handleVbusOnEvent</name>
         <load_address>0x123b6</load_address>
         <run_address>0x123b6</run_address>
         <size>0x1a</size>
         <input_file_ref idref="fl-e"/>
      </object_component>
      <object_component id="oc-444">
         <name>.text:USB_resume</name>
         <load_address>0x123d0</load_address>
         <run_address>0x123d0</run_address>
         <size>0x18</size>
         <input_file_ref idref="fl-5"/>
      </object_component>
      <object_component id="oc-4f6">
         <name>.text</name>
         <load_address>0x123e8</load_address>
         <run_address>0x123e8</run_address>
         <size>0x18</size>
         <input_file_ref idref="fl-77"/>
      </object_component>
      <object_component id="oc-762">
         <name>.text:usbClearDeviceFeature</name>
         <load_address>0x12400</load_address>
         <run_address>0x12400</run_address>
         <size>0x18</size>
         <input_file_ref idref="fl-5"/>
      </object_component>
      <object_component id="oc-7aa">
         <name>.text:usbSetDeviceFeature</name>
         <load_address>0x12418</load_address>
         <run_address>0x12418</run_address>
         <size>0x18</size>
         <input_file_ref idref="fl-5"/>
      </object_component>
      <object_component id="oc-650">
         <name>.text:memset</name>
         <load_address>0x12430</load_address>
         <run_address>0x12430</run_address>
         <size>0x16</size>
         <input_file_ref idref="fl-8a"/>
      </object_component>
      <object_component id="oc-65a">
         <name>.text</name>
         <load_address>0x12446</load_address>
         <run_address>0x12446</run_address>
         <size>0x16</size>
         <input_file_ref idref="fl-5c"/>
      </object_component>
      <object_component id="oc-77a">
         <name>.text:usbGetConfigurationDescriptor</name>
         <load_address>0x1245c</load_address>
         <run_address>0x1245c</run_address>
         <size>0x16</size>
         <input_file_ref idref="fl-5"/>
      </object_component>
      <object_component id="oc-774">
         <name>.text:usbGetDeviceDescriptor</name>
         <load_address>0x12472</load_address>
         <run_address>0x12472</run_address>
         <size>0x16</size>
         <input_file_ref idref="fl-5"/>
      </object_component>
      <object_component id="oc-5a3">
         <name>.text:Keyboard_init</name>
         <load_address>0x12488</load_address>
         <run_address>0x12488</run_address>
         <size>0x14</size>
         <input_file_ref idref="fl-d"/>
      </object_component>
      <object_component id="oc-3ae">
         <name>.text:memcpy</name>
         <load_address>0x1249c</load_address>
         <run_address>0x1249c</run_address>
         <size>0x14</size>
         <input_file_ref idref="fl-89"/>
      </object_component>
      <object_component id="oc-76e">
         <name>.text:usbGetConfiguration</name>
         <load_address>0x124b0</load_address>
         <run_address>0x124b0</run_address>
         <size>0x14</size>
         <input_file_ref idref="fl-5"/>
      </object_component>
      <object_component id="oc-872">
         <name>.text:usbReceiveDataPacketOnEP0</name>
         <load_address>0x124c4</load_address>
         <run_address>0x124c4</run_address>
         <size>0x14</size>
         <input_file_ref idref="fl-5"/>
      </object_component>
      <object_component id="oc-73">
         <name>.text:decompress:none:__TI_decompress_none</name>
         <load_address>0x124d8</load_address>
         <run_address>0x124d8</run_address>
         <size>0x12</size>
         <input_file_ref idref="fl-84"/>
      </object_component>
      <object_component id="oc-7b6">
         <name>.text:usbSetInterface</name>
         <load_address>0x124ea</load_address>
         <run_address>0x124ea</run_address>
         <size>0x12</size>
         <input_file_ref idref="fl-5"/>
      </object_component>
      <object_component id="oc-935">
         <name>.text:DMA_disableTransfers</name>
         <load_address>0x124fc</load_address>
         <run_address>0x124fc</run_address>
         <size>0x10</size>
         <input_file_ref idref="fl-19"/>
      </object_component>
      <object_component id="oc-923">
         <name>.text:DMA_enableTransfers</name>
         <load_address>0x1250c</load_address>
         <run_address>0x1250c</run_address>
         <size>0x10</size>
         <input_file_ref idref="fl-19"/>
      </object_component>
      <object_component id="oc-73e">
         <name>.text:usbGetProtocol</name>
         <load_address>0x1251c</load_address>
         <run_address>0x1251c</run_address>
         <size>0x10</size>
         <input_file_ref idref="fl-8"/>
      </object_component>
      <object_component id="oc-92f">
         <name>.text:DMA_getInterruptStatus</name>
         <load_address>0x1252c</load_address>
         <run_address>0x1252c</run_address>
         <size>0xe</size>
         <input_file_ref idref="fl-19"/>
      </object_component>
      <object_component id="oc-929">
         <name>.text:DMA_startTransfer</name>
         <load_address>0x1253a</load_address>
         <run_address>0x1253a</run_address>
         <size>0xe</size>
         <input_file_ref idref="fl-19"/>
      </object_component>
      <object_component id="oc-7bc">
         <name>.text:usbInvalidRequest</name>
         <load_address>0x12548</load_address>
         <run_address>0x12548</run_address>
         <size>0xe</size>
         <input_file_ref idref="fl-5"/>
      </object_component>
      <object_component id="oc-853">
         <name>.text:usbSendZeroLengthPacketOnIEP0</name>
         <load_address>0x12556</load_address>
         <run_address>0x12556</run_address>
         <size>0xe</size>
         <input_file_ref idref="fl-5"/>
      </object_component>
      <object_component id="oc-91d">
         <name>.text:DMA_setTransferSize</name>
         <load_address>0x12564</load_address>
         <run_address>0x12564</run_address>
         <size>0xc</size>
         <input_file_ref idref="fl-19"/>
      </object_component>
      <object_component id="oc-815">
         <name>.text:Keyboard_sendReport</name>
         <load_address>0x12570</load_address>
         <run_address>0x12570</run_address>
         <size>0xc</size>
         <input_file_ref idref="fl-d"/>
      </object_component>
      <object_component id="oc-44a">
         <name>.text:USB_handleResumeEvent</name>
         <load_address>0x1257c</load_address>
         <run_address>0x1257c</run_address>
         <size>0xa</size>
         <input_file_ref idref="fl-e"/>
      </object_component>
      <object_component id="oc-456">
         <name>.text:USB_handleSuspendEvent</name>
         <load_address>0x12586</load_address>
         <run_address>0x12586</run_address>
         <size>0xa</size>
         <input_file_ref idref="fl-e"/>
      </object_component>
      <object_component id="oc-423">
         <name>.text</name>
         <load_address>0x12590</load_address>
         <run_address>0x12590</run_address>
         <size>0xa</size>
         <input_file_ref idref="fl-73"/>
      </object_component>
      <object_component id="oc-65f">
         <name>.text</name>
         <load_address>0x1259a</load_address>
         <run_address>0x1259a</run_address>
         <size>0xa</size>
         <input_file_ref idref="fl-74"/>
      </object_component>
      <object_component id="oc-884">
         <name>.text:usbStallEndpoint0</name>
         <load_address>0x125a4</load_address>
         <run_address>0x125a4</run_address>
         <size>0xa</size>
         <input_file_ref idref="fl-5"/>
      </object_component>
      <object_component id="oc-532">
         <name>.text:UCS_turnOffXT2</name>
         <load_address>0x125ae</load_address>
         <run_address>0x125ae</run_address>
         <size>0x8</size>
         <input_file_ref idref="fl-34"/>
      </object_component>
      <object_component id="oc-55c">
         <name>.text:USBHID_handleSendCompleted</name>
         <load_address>0x125b6</load_address>
         <run_address>0x125b6</run_address>
         <size>0x8</size>
         <input_file_ref idref="fl-e"/>
      </object_component>
      <object_component id="oc-46e">
         <name>.text:USB_handleVbusOffEvent</name>
         <load_address>0x125be</load_address>
         <run_address>0x125be</run_address>
         <size>0x8</size>
         <input_file_ref idref="fl-e"/>
      </object_component>
      <object_component id="oc-6d6">
         <name>.text:USB_setEnabledEvents</name>
         <load_address>0x125c6</load_address>
         <run_address>0x125c6</run_address>
         <size>0x8</size>
         <input_file_ref idref="fl-5"/>
      </object_component>
      <object_component id="oc-905">
         <name>.text:DMA_disableTransferDuringReadModifyWrite</name>
         <load_address>0x125ce</load_address>
         <run_address>0x125ce</run_address>
         <size>0x6</size>
         <input_file_ref idref="fl-19"/>
      </object_component>
      <object_component id="oc-917">
         <name>.text:DMA_enableTransferDuringReadModifyWrite</name>
         <load_address>0x125d4</load_address>
         <run_address>0x125d4</run_address>
         <size>0x6</size>
         <input_file_ref idref="fl-19"/>
      </object_component>
      <object_component id="oc-4aa">
         <name>.text:SFR_clearInterrupt</name>
         <load_address>0x125da</load_address>
         <run_address>0x125da</run_address>
         <size>0x6</size>
         <input_file_ref idref="fl-2d"/>
      </object_component>
      <object_component id="oc-5af">
         <name>.text:Timer_A_clearTimerInterrupt</name>
         <load_address>0x125e0</load_address>
         <run_address>0x125e0</run_address>
         <size>0x6</size>
         <input_file_ref idref="fl-30"/>
      </object_component>
      <object_component id="oc-4a4">
         <name>.text:UCS_clearFaultFlag</name>
         <load_address>0x125e6</load_address>
         <run_address>0x125e6</run_address>
         <size>0x6</size>
         <input_file_ref idref="fl-34"/>
      </object_component>
      <object_component id="oc-7f8">
         <name>.text:USB_getVersion</name>
         <load_address>0x125ec</load_address>
         <run_address>0x125ec</run_address>
         <size>0x6</size>
         <input_file_ref idref="fl-5"/>
      </object_component>
      <object_component id="oc-5e2">
         <name>.text:abort</name>
         <load_address>0x125f2</load_address>
         <run_address>0x125f2</run_address>
         <size>0x6</size>
         <input_file_ref idref="fl-86"/>
      </object_component>
      <object_component id="oc-678">
         <name>.text:usbClearOEP0ByteCount</name>
         <load_address>0x125f8</load_address>
         <run_address>0x125f8</run_address>
         <size>0x6</size>
         <input_file_ref idref="fl-5"/>
      </object_component>
      <object_component id="oc-672">
         <name>.text:usbStallOEP0</name>
         <load_address>0x125fe</load_address>
         <run_address>0x125fe</run_address>
         <size>0x6</size>
         <input_file_ref idref="fl-5"/>
      </object_component>
      <object_component id="oc-85c">
         <name>.text:USBHID_handleBootProtocol</name>
         <load_address>0x12604</load_address>
         <run_address>0x12604</run_address>
         <size>0x4</size>
         <input_file_ref idref="fl-e"/>
      </object_component>
      <object_component id="oc-438">
         <name>.text:USBHID_handleDataReceived</name>
         <load_address>0x12608</load_address>
         <run_address>0x12608</run_address>
         <size>0x4</size>
         <input_file_ref idref="fl-e"/>
      </object_component>
      <object_component id="oc-863">
         <name>.text:USBHID_handleEP0GetReport</name>
         <load_address>0x1260c</load_address>
         <run_address>0x1260c</run_address>
         <size>0x4</size>
         <input_file_ref idref="fl-e"/>
      </object_component>
      <object_component id="oc-86b">
         <name>.text:USBHID_handleEP0SetReport</name>
         <load_address>0x12610</load_address>
         <run_address>0x12610</run_address>
         <size>0x4</size>
         <input_file_ref idref="fl-e"/>
      </object_component>
      <object_component id="oc-56c">
         <name>.text:USBHID_handleEP0SetReportDataAvailable</name>
         <load_address>0x12614</load_address>
         <run_address>0x12614</run_address>
         <size>0x4</size>
         <input_file_ref idref="fl-e"/>
      </object_component>
      <object_component id="oc-51f">
         <name>.text:USBHID_handleReceiveCompleted</name>
         <load_address>0x12618</load_address>
         <run_address>0x12618</run_address>
         <size>0x4</size>
         <input_file_ref idref="fl-e"/>
      </object_component>
      <object_component id="oc-480">
         <name>.text:USB_handleClockEvent</name>
         <load_address>0x1261c</load_address>
         <run_address>0x1261c</run_address>
         <size>0x4</size>
         <input_file_ref idref="fl-e"/>
      </object_component>
      <object_component id="oc-89c">
         <name>.text:USB_handleEnumerationCompleteEvent</name>
         <load_address>0x12620</load_address>
         <run_address>0x12620</run_address>
         <size>0x4</size>
         <input_file_ref idref="fl-e"/>
      </object_component>
      <object_component id="oc-462">
         <name>.text:USB_handleResetEvent</name>
         <load_address>0x12624</load_address>
         <run_address>0x12624</run_address>
         <size>0x4</size>
         <input_file_ref idref="fl-e"/>
      </object_component>
      <object_component id="oc-4b9">
         <name>.text:_system_pre_init</name>
         <load_address>0x12628</load_address>
         <run_address>0x12628</run_address>
         <size>0x4</size>
         <input_file_ref idref="fl-82"/>
      </object_component>
      <object_component id="oc-711">
         <name>.text:_system_post_cinit</name>
         <load_address>0x1262c</load_address>
         <run_address>0x1262c</run_address>
         <size>0x2</size>
         <input_file_ref idref="fl-83"/>
      </object_component>
      <object_component id="oc-3c0">
         <name>.text:_isr:TIMER1_A1_ISR</name>
         <load_address>0x4400</load_address>
         <run_address>0x4400</run_address>
         <size>0x15e</size>
         <input_file_ref idref="fl-3"/>
      </object_component>
      <object_component id="oc-3c6">
         <name>.text:_isr:iUsbInterruptHandler</name>
         <load_address>0x455e</load_address>
         <run_address>0x455e</run_address>
         <size>0x12c</size>
         <input_file_ref idref="fl-f"/>
      </object_component>
      <object_component id="oc-3cc">
         <name>.text:_isr:UNMI_ISR</name>
         <load_address>0x468a</load_address>
         <run_address>0x468a</run_address>
         <size>0x46</size>
         <input_file_ref idref="fl-3"/>
      </object_component>
      <object_component id="oc-3e4">
         <name>.text:_isr:_c_int00_noargs</name>
         <load_address>0x46d0</load_address>
         <run_address>0x46d0</run_address>
         <size>0x1c</size>
         <input_file_ref idref="fl-7d"/>
      </object_component>
      <object_component id="oc-3bb">
         <name>.text:_isr:__TI_ISR_TRAP</name>
         <load_address>0x46ec</load_address>
         <run_address>0x46ec</run_address>
         <size>0x8</size>
         <input_file_ref idref="fl-72"/>
      </object_component>
      <object_component id="oc-9c7">
         <name>.cinit..data.load</name>
         <load_address>0x4c2c</load_address>
         <run_address>0x4c2c</run_address>
         <size>0x21</size>
      </object_component>
      <object_component id="oc-9c4">
         <name>__TI_handler_table</name>
         <load_address>0x4c4e</load_address>
         <run_address>0x4c4e</run_address>
         <size>0xc</size>
      </object_component>
      <object_component id="oc-9c6">
         <name>.cinit..bss.load</name>
         <load_address>0x4c5a</load_address>
         <run_address>0x4c5a</run_address>
         <size>0x6</size>
      </object_component>
      <object_component id="oc-9c5">
         <name>__TI_cinit_table</name>
         <load_address>0x4c60</load_address>
         <run_address>0x4c60</run_address>
         <size>0x10</size>
      </object_component>
      <object_component id="oc-623">
         <name>.const:tUsbRequestList</name>
         <load_address>0x46f4</load_address>
         <run_address>0x46f4</run_address>
         <size>0x150</size>
         <input_file_ref idref="fl-10"/>
      </object_component>
      <object_component id="oc-5c4">
         <name>.const:chordalpha</name>
         <load_address>0x4844</load_address>
         <run_address>0x4844</run_address>
         <size>0x100</size>
         <input_file_ref idref="fl-3"/>
      </object_component>
      <object_component id="oc-5c7">
         <name>.const:chordnum</name>
         <load_address>0x4944</load_address>
         <run_address>0x4944</run_address>
         <size>0x100</size>
         <input_file_ref idref="fl-3"/>
      </object_component>
      <object_component id="oc-892">
         <name>.const:.string:abromStringDescriptor</name>
         <load_address>0x4a44</load_address>
         <run_address>0x4a44</run_address>
         <size>0x84</size>
         <input_file_ref idref="fl-10"/>
      </object_component>
      <object_component id="oc-812">
         <name>.const:.string:_asciimap</name>
         <load_address>0x4ac8</load_address>
         <run_address>0x4ac8</run_address>
         <size>0x80</size>
         <input_file_ref idref="fl-d"/>
      </object_component>
      <object_component id="oc-8f1">
         <name>.const:.string:report_desc_HID0</name>
         <load_address>0x4b48</load_address>
         <run_address>0x4b48</run_address>
         <size>0x3f</size>
         <input_file_ref idref="fl-10"/>
      </object_component>
      <object_component id="oc-880">
         <name>.const:abromConfigurationDescriptorGroup</name>
         <load_address>0x4b87</load_address>
         <run_address>0x4b87</run_address>
         <size>0x29</size>
         <input_file_ref idref="fl-10"/>
      </object_component>
      <object_component id="oc-64a">
         <name>.const:.string</name>
         <load_address>0x4bb0</load_address>
         <run_address>0x4bb0</run_address>
         <size>0x22</size>
         <input_file_ref idref="fl-5"/>
      </object_component>
      <object_component id="oc-6e8">
         <name>.const:GPIO_PORT_TO_BASE</name>
         <load_address>0x4bd2</load_address>
         <run_address>0x4bd2</run_address>
         <size>0x1c</size>
         <input_file_ref idref="fl-1f"/>
      </object_component>
      <object_component id="oc-88d">
         <name>.const:.string:abromDeviceDescriptor</name>
         <load_address>0x4bee</load_address>
         <run_address>0x4bee</run_address>
         <size>0x12</size>
         <input_file_ref idref="fl-10"/>
      </object_component>
      <object_component id="oc-516">
         <name>.const:stUsbHandle</name>
         <load_address>0x4c00</load_address>
         <run_address>0x4c00</run_address>
         <size>0x10</size>
         <input_file_ref idref="fl-10"/>
      </object_component>
      <object_component id="oc-5b5">
         <name>.const:$P$T0$1</name>
         <load_address>0x4c10</load_address>
         <run_address>0x4c10</run_address>
         <size>0xe</size>
         <input_file_ref idref="fl-3"/>
      </object_component>
      <object_component id="oc-8b6">
         <name>.const:$P$T0$1</name>
         <load_address>0x4c1e</load_address>
         <run_address>0x4c1e</run_address>
         <size>0xa</size>
         <input_file_ref idref="fl-6"/>
      </object_component>
      <object_component id="oc-879">
         <name>.const:report_desc_size</name>
         <load_address>0x4c28</load_address>
         <run_address>0x4c28</run_address>
         <size>0x2</size>
         <input_file_ref idref="fl-10"/>
      </object_component>
      <object_component id="oc-93e">
         <name>.const:.string:report_len_input</name>
         <load_address>0x4c2a</load_address>
         <run_address>0x4c2a</run_address>
         <size>0x1</size>
         <input_file_ref idref="fl-10"/>
      </object_component>
      <object_component id="oc-956">
         <name>.binit</name>
         <load_address>0x4400</load_address>
         <run_address>0x4400</run_address>
         <size>0x0</size>
      </object_component>
      <object_component id="oc-79">
         <name>.int41</name>
         <load_address>0xffd2</load_address>
         <run_address>0xffd2</run_address>
         <size>0x2</size>
         <input_file_ref idref="fl-5f"/>
      </object_component>
      <object_component id="oc-7a">
         <name>.int42</name>
         <load_address>0xffd4</load_address>
         <run_address>0xffd4</run_address>
         <size>0x2</size>
         <input_file_ref idref="fl-60"/>
      </object_component>
      <object_component id="oc-7b">
         <name>.int43</name>
         <load_address>0xffd6</load_address>
         <run_address>0xffd6</run_address>
         <size>0x2</size>
         <input_file_ref idref="fl-61"/>
      </object_component>
      <object_component id="oc-7c">
         <name>.int44</name>
         <load_address>0xffd8</load_address>
         <run_address>0xffd8</run_address>
         <size>0x2</size>
         <input_file_ref idref="fl-62"/>
      </object_component>
      <object_component id="oc-7d">
         <name>.int45</name>
         <load_address>0xffda</load_address>
         <run_address>0xffda</run_address>
         <size>0x2</size>
         <input_file_ref idref="fl-63"/>
      </object_component>
      <object_component id="oc-7e">
         <name>.int46</name>
         <load_address>0xffdc</load_address>
         <run_address>0xffdc</run_address>
         <size>0x2</size>
         <input_file_ref idref="fl-64"/>
      </object_component>
      <object_component id="oc-7f">
         <name>.int47</name>
         <load_address>0xffde</load_address>
         <run_address>0xffde</run_address>
         <size>0x2</size>
         <input_file_ref idref="fl-65"/>
      </object_component>
      <object_component id="oc-80">
         <name>.int48</name>
         <load_address>0xffe0</load_address>
         <run_address>0xffe0</run_address>
         <size>0x2</size>
         <input_file_ref idref="fl-3"/>
      </object_component>
      <object_component id="oc-81">
         <name>.int49</name>
         <load_address>0xffe2</load_address>
         <run_address>0xffe2</run_address>
         <size>0x2</size>
         <input_file_ref idref="fl-66"/>
      </object_component>
      <object_component id="oc-82">
         <name>.int50</name>
         <load_address>0xffe4</load_address>
         <run_address>0xffe4</run_address>
         <size>0x2</size>
         <input_file_ref idref="fl-67"/>
      </object_component>
      <object_component id="oc-83">
         <name>.int51</name>
         <load_address>0xffe6</load_address>
         <run_address>0xffe6</run_address>
         <size>0x2</size>
         <input_file_ref idref="fl-f"/>
      </object_component>
      <object_component id="oc-84">
         <name>.int52</name>
         <load_address>0xffe8</load_address>
         <run_address>0xffe8</run_address>
         <size>0x2</size>
         <input_file_ref idref="fl-68"/>
      </object_component>
      <object_component id="oc-85">
         <name>.int53</name>
         <load_address>0xffea</load_address>
         <run_address>0xffea</run_address>
         <size>0x2</size>
         <input_file_ref idref="fl-69"/>
      </object_component>
      <object_component id="oc-86">
         <name>.int54</name>
         <load_address>0xffec</load_address>
         <run_address>0xffec</run_address>
         <size>0x2</size>
         <input_file_ref idref="fl-6a"/>
      </object_component>
      <object_component id="oc-87">
         <name>.int55</name>
         <load_address>0xffee</load_address>
         <run_address>0xffee</run_address>
         <size>0x2</size>
         <input_file_ref idref="fl-6b"/>
      </object_component>
      <object_component id="oc-88">
         <name>.int56</name>
         <load_address>0xfff0</load_address>
         <run_address>0xfff0</run_address>
         <size>0x2</size>
         <input_file_ref idref="fl-6c"/>
      </object_component>
      <object_component id="oc-89">
         <name>.int57</name>
         <load_address>0xfff2</load_address>
         <run_address>0xfff2</run_address>
         <size>0x2</size>
         <input_file_ref idref="fl-6d"/>
      </object_component>
      <object_component id="oc-8a">
         <name>.int58</name>
         <load_address>0xfff4</load_address>
         <run_address>0xfff4</run_address>
         <size>0x2</size>
         <input_file_ref idref="fl-6e"/>
      </object_component>
      <object_component id="oc-8b">
         <name>.int59</name>
         <load_address>0xfff6</load_address>
         <run_address>0xfff6</run_address>
         <size>0x2</size>
         <input_file_ref idref="fl-6f"/>
      </object_component>
      <object_component id="oc-8c">
         <name>.int60</name>
         <load_address>0xfff8</load_address>
         <run_address>0xfff8</run_address>
         <size>0x2</size>
         <input_file_ref idref="fl-70"/>
      </object_component>
      <object_component id="oc-8d">
         <name>.int61</name>
         <load_address>0xfffa</load_address>
         <run_address>0xfffa</run_address>
         <size>0x2</size>
         <input_file_ref idref="fl-3"/>
      </object_component>
      <object_component id="oc-8e">
         <name>.int62</name>
         <load_address>0xfffc</load_address>
         <run_address>0xfffc</run_address>
         <size>0x2</size>
         <input_file_ref idref="fl-71"/>
      </object_component>
      <object_component id="oc-3a2">
         <name>.reset</name>
         <load_address>0xfffe</load_address>
         <run_address>0xfffe</run_address>
         <size>0x2</size>
         <input_file_ref idref="fl-7d"/>
      </object_component>
      <object_component id="oc-62f">
         <name>.debug_info</name>
         <load_address>0x0</load_address>
         <run_address>0x0</run_address>
         <size>0x3ad</size>
         <input_file_ref idref="fl-2"/>
      </object_component>
      <object_component id="oc-593">
         <name>.debug_info</name>
         <load_address>0x3ad</load_address>
         <run_address>0x3ad</run_address>
         <size>0x2f6</size>
         <input_file_ref idref="fl-2"/>
      </object_component>
      <object_component id="oc-598">
         <name>.debug_info</name>
         <load_address>0x6a3</load_address>
         <run_address>0x6a3</run_address>
         <size>0x1bd</size>
         <input_file_ref idref="fl-2"/>
      </object_component>
      <object_component id="oc-59f">
         <name>.debug_info</name>
         <load_address>0x860</load_address>
         <run_address>0x860</run_address>
         <size>0x484</size>
         <input_file_ref idref="fl-2"/>
      </object_component>
      <object_component id="oc-506">
         <name>.debug_info</name>
         <load_address>0xce4</load_address>
         <run_address>0xce4</run_address>
         <size>0x1da</size>
         <input_file_ref idref="fl-2"/>
      </object_component>
      <object_component id="oc-501">
         <name>.debug_info</name>
         <load_address>0xebe</load_address>
         <run_address>0xebe</run_address>
         <size>0x26b</size>
         <input_file_ref idref="fl-2"/>
      </object_component>
      <object_component id="oc-66d">
         <name>.debug_info</name>
         <load_address>0x1129</load_address>
         <run_address>0x1129</run_address>
         <size>0xb2</size>
         <input_file_ref idref="fl-2"/>
      </object_component>
      <object_component id="oc-5dd">
         <name>.debug_info</name>
         <load_address>0x11db</load_address>
         <run_address>0x11db</run_address>
         <size>0x392</size>
         <input_file_ref idref="fl-2"/>
      </object_component>
      <object_component id="oc-4e4">
         <name>.debug_info</name>
         <load_address>0x156d</load_address>
         <run_address>0x156d</run_address>
         <size>0x8b</size>
         <input_file_ref idref="fl-2"/>
      </object_component>
      <object_component id="oc-57a">
         <name>.debug_info</name>
         <load_address>0x15f8</load_address>
         <run_address>0x15f8</run_address>
         <size>0x275</size>
         <input_file_ref idref="fl-2"/>
      </object_component>
      <object_component id="oc-499">
         <name>.debug_info</name>
         <load_address>0x186d</load_address>
         <run_address>0x186d</run_address>
         <size>0xbb</size>
         <input_file_ref idref="fl-2"/>
      </object_component>
      <object_component id="oc-510">
         <name>.debug_info</name>
         <load_address>0x1928</load_address>
         <run_address>0x1928</run_address>
         <size>0xb2d</size>
         <input_file_ref idref="fl-2"/>
      </object_component>
      <object_component id="oc-4eb">
         <name>.debug_info</name>
         <load_address>0x2455</load_address>
         <run_address>0x2455</run_address>
         <size>0x5e7</size>
         <input_file_ref idref="fl-3"/>
      </object_component>
      <object_component id="oc-421">
         <name>.debug_info</name>
         <load_address>0x2a3c</load_address>
         <run_address>0x2a3c</run_address>
         <size>0x650</size>
         <input_file_ref idref="fl-3"/>
      </object_component>
      <object_component id="oc-5c5">
         <name>.debug_info</name>
         <load_address>0x308c</load_address>
         <run_address>0x308c</run_address>
         <size>0xd4</size>
         <input_file_ref idref="fl-3"/>
      </object_component>
      <object_component id="oc-5c8">
         <name>.debug_info</name>
         <load_address>0x3160</load_address>
         <run_address>0x3160</run_address>
         <size>0xd0</size>
         <input_file_ref idref="fl-3"/>
[...]
         <object_component_ref idref="oc-750"/>
      </symbol>
      <symbol id="sm-797">
         <name>Keyboard_init</name>
         <value>0x12488</value>
         <object_component_ref idref="oc-5a3"/>
      </symbol>
      <symbol id="sm-798">
         <name>_asciimap</name>
         <value>0x4ac8</value>
         <object_component_ref idref="oc-812"/>
      </symbol>
      <symbol id="sm-799">
         <name>Keyboard_sendReport</name>
         <value>0x12570</value>
         <object_component_ref idref="oc-815"/>
      </symbol>
      <symbol id="sm-79a">
         <name>Keyboard_press</name>
         <value>0x114b4</value>
         <object_component_ref idref="oc-6f0"/>
      </symbol>
      <symbol id="sm-79b">
         <name>Keyboard_release</name>
         <value>0x118b0</value>
         <object_component_ref idref="oc-6f6"/>
      </symbol>
      <symbol id="sm-803">
         <name>USBHID_handleDataReceived</name>
         <value>0x12608</value>
         <object_component_ref idref="oc-438"/>
      </symbol>
      <symbol id="sm-804">
         <name>USB_handleSuspendEvent</name>
         <value>0x12586</value>
         <object_component_ref idref="oc-456"/>
      </symbol>
      <symbol id="sm-805">
         <name>USBHID_handleEP0GetReport</name>
         <value>0x1260c</value>
         <object_component_ref idref="oc-863"/>
      </symbol>
      <symbol id="sm-806">
         <name>USB_handleVbusOnEvent</name>
         <value>0x123b6</value>
         <object_component_ref idref="oc-47a"/>
      </symbol>
      <symbol id="sm-807">
         <name>USBHID_handleEP0SetReportDataAvailable</name>
         <value>0x12614</value>
         <object_component_ref idref="oc-56c"/>
      </symbol>
      <symbol id="sm-808">
         <name>USBHID_handleBootProtocol</name>
         <value>0x12604</value>
         <object_component_ref idref="oc-85c"/>
      </symbol>
      <symbol id="sm-809">
         <name>USB_handleEnumerationCompleteEvent</name>
         <value>0x12620</value>
         <object_component_ref idref="oc-89c"/>
      </symbol>
      <symbol id="sm-80a">
         <name>USB_handleResetEvent</name>
         <value>0x12624</value>
         <object_component_ref idref="oc-462"/>
      </symbol>
      <symbol id="sm-80b">
         <name>USBHID_handleSendCompleted</name>
         <value>0x125b6</value>
         <object_component_ref idref="oc-55c"/>
      </symbol>
      <symbol id="sm-80c">
         <name>USBHID_handleEP0SetReport</name>
         <value>0x12610</value>
         <object_component_ref idref="oc-86b"/>
      </symbol>
      <symbol id="sm-80d">
         <name>USB_handleVbusOffEvent</name>
         <value>0x125be</value>
         <object_component_ref idref="oc-46e"/>
      </symbol>
      <symbol id="sm-80e">
         <name>USB_handleResumeEvent</name>
         <value>0x1257c</value>
         <object_component_ref idref="oc-44a"/>
      </symbol>
      <symbol id="sm-80f">
         <name>USB_handleClockEvent</name>
         <value>0x1261c</value>
         <object_component_ref idref="oc-480"/>
      </symbol>
      <symbol id="sm-810">
         <name>USBHID_handleReceiveCompleted</name>
         <value>0x12618</value>
         <object_component_ref idref="oc-51f"/>
      </symbol>
      <symbol id="sm-865">
         <name>IEP0InterruptHandler</name>
         <value>0x1234a</value>
         <object_component_ref idref="oc-492"/>
      </symbol>
      <symbol id="sm-866">
         <name>OEP0InterruptHandler</name>
         <value>0x11eac</value>
         <object_component_ref idref="oc-48c"/>
      </symbol>
      <symbol id="sm-867">
         <name>__TI_int51</name>
         <value>0xffe6</value>
         <object_component_ref idref="oc-83"/>
      </symbol>
      <symbol id="sm-868">
         <name>PWRVBUSonHandler</name>
         <value>0x1191a</value>
         <object_component_ref idref="oc-474"/>
      </symbol>
      <symbol id="sm-869">
         <name>SetupPacketInterruptHandler</name>
         <value>0x11ca2</value>
         <object_component_ref idref="oc-429"/>
      </symbol>
      <symbol id="sm-86a">
         <name>PWRVBUSoffHandler</name>
         <value>0x11756</value>
         <object_component_ref idref="oc-468"/>
      </symbol>
      <symbol id="sm-86b">
         <name>iUsbInterruptHandler</name>
         <value>0x455e</value>
         <object_component_ref idref="oc-3c6"/>
      </symbol>
      <symbol id="sm-89d">
         <name>abromConfigurationDescriptorGroup</name>
         <value>0x4b87</value>
         <object_component_ref idref="oc-880"/>
      </symbol>
      <symbol id="sm-89e">
         <name>tUsbRequestList</name>
         <value>0x46f4</value>
         <object_component_ref idref="oc-623"/>
      </symbol>
      <symbol id="sm-89f">
         <name>abromDeviceDescriptor</name>
         <value>0x4bee</value>
         <object_component_ref idref="oc-88d"/>
      </symbol>
      <symbol id="sm-8a0">
         <name>report_desc</name>
         <value>0x24a6</value>
         <object_component_ref idref="oc-87c"/>
      </symbol>
      <symbol id="sm-8a1">
         <name>abromStringDescriptor</name>
         <value>0x4a44</value>
         <object_component_ref idref="oc-892"/>
      </symbol>
      <symbol id="sm-8a2">
         <name>report_desc_HID0</name>
         <value>0x4b48</value>
         <object_component_ref idref="oc-8f1"/>
      </symbol>
      <symbol id="sm-8a3">
         <name>report_desc_size</name>
         <value>0x4c28</value>
         <object_component_ref idref="oc-879"/>
      </symbol>
      <symbol id="sm-8a4">
         <name>report_len_input</name>
         <value>0x4c2a</value>
         <object_component_ref idref="oc-93e"/>
      </symbol>
      <symbol id="sm-8a5">
         <name>stUsbHandle</name>
         <value>0x4c00</value>
         <object_component_ref idref="oc-516"/>
      </symbol>
      <symbol id="sm-8fa">
         <name>DMA_setSrcAddress</name>
         <value>0x11fe8</value>
         <object_component_ref idref="oc-90b"/>
      </symbol>
      <symbol id="sm-8fb">
         <name>DMA_disableTransferDuringReadModifyWrite</name>
         <value>0x125ce</value>
         <object_component_ref idref="oc-905"/>
      </symbol>
      <symbol id="sm-8fc">
         <name>DMA_setDstAddress</name>
         <value>0x11f58</value>
         <object_component_ref idref="oc-911"/>
      </symbol>
      <symbol id="sm-8fd">
         <name>DMA_enableTransfers</name>
         <value>0x1250c</value>
         <object_component_ref idref="oc-923"/>
      </symbol>
      <symbol id="sm-8fe">
         <name>DMA_disableTransfers</name>
         <value>0x124fc</value>
         <object_component_ref idref="oc-935"/>
      </symbol>
      <symbol id="sm-8ff">
         <name>DMA_startTransfer</name>
         <value>0x1253a</value>
         <object_component_ref idref="oc-929"/>
      </symbol>
      <symbol id="sm-900">
         <name>DMA_setTransferSize</name>
         <value>0x12564</value>
         <object_component_ref idref="oc-91d"/>
      </symbol>
      <symbol id="sm-901">
         <name>DMA_getInterruptStatus</name>
         <value>0x1252c</value>
         <object_component_ref idref="oc-92f"/>
      </symbol>
      <symbol id="sm-902">
         <name>DMA_enableTransferDuringReadModifyWrite</name>
         <value>0x125d4</value>
         <object_component_ref idref="oc-917"/>
      </symbol>
      <symbol id="sm-903">
         <name>DMA_init</name>
         <value>0x11658</value>
         <object_component_ref idref="oc-8bf"/>
      </symbol>
      <symbol id="sm-954">
         <name>GPIO_clearInterrupt</name>
         <value>0x12260</value>
         <object_component_ref idref="oc-6bf"/>
      </symbol>
      <symbol id="sm-955">
         <name>GPIO_setOutputHighOnPin</name>
         <value>0x12312</value>
         <object_component_ref idref="oc-6b3"/>
      </symbol>
      <symbol id="sm-956">
         <name>GPIO_setAsInputPinWithPullUpResistor</name>
         <value>0x11db4</value>
         <object_component_ref idref="oc-6b9"/>
      </symbol>
      <symbol id="sm-957">
         <name>GPIO_setAsOutputPin</name>
         <value>0x1209a</value>
         <object_component_ref idref="oc-695"/>
      </symbol>
      <symbol id="sm-958">
         <name>GPIO_setOutputLowOnPin</name>
         <value>0x1232e</value>
         <object_component_ref idref="oc-68f"/>
      </symbol>
      <symbol id="sm-959">
         <name>GPIO_setAsPeripheralModuleFunctionOutputPin</name>
         <value>0x120c2</value>
         <object_component_ref idref="oc-63d"/>
      </symbol>
      <symbol id="sm-95a">
         <name>GPIO_getInputPinValue</name>
         <value>0x122f6</value>
         <object_component_ref idref="oc-5be"/>
      </symbol>
      <symbol id="sm-95b">
         <name>GPIO_disableInterrupt</name>
         <value>0x1227e</value>
         <object_component_ref idref="oc-6c5"/>
      </symbol>
      <symbol id="sm-988">
         <name>PMM_setVCore</name>
         <value>0x11bae</value>
         <object_component_ref idref="oc-58b"/>
      </symbol>
      <symbol id="sm-989">
         <name>PMM_setVCoreDown</name>
         <value>0x1137c</value>
         <object_component_ref idref="oc-688"/>
      </symbol>
      <symbol id="sm-98a">
         <name>PMM_setVCoreUp</name>
         <value>0x10e5e</value>
         <object_component_ref idref="oc-682"/>
      </symbol>
      <symbol id="sm-999">
         <name>SFR_clearInterrupt</name>
         <value>0x125da</value>
         <object_component_ref idref="oc-4aa"/>
      </symbol>
      <symbol id="sm-9b1">
         <name>Timer_A_initUpMode</name>
         <value>0x116da</value>
         <object_component_ref idref="oc-5b8"/>
      </symbol>
      <symbol id="sm-9b2">
         <name>Timer_A_clearTimerInterrupt</name>
         <value>0x125e0</value>
         <object_component_ref idref="oc-5af"/>
      </symbol>
      <symbol id="sm-9c7">
         <name>TLV_getInfo</name>
         <value>0x11c52</value>
         <object_component_ref idref="oc-8af"/>
      </symbol>
      <symbol id="sm-a13">
         <name>UCS_initClockSignal</name>
         <value>0x1118c</value>
         <object_component_ref idref="oc-69c"/>
      </symbol>
      <symbol id="sm-a14">
         <name>UCS_initFLLSettle</name>
         <value>0x11f22</value>
         <object_component_ref idref="oc-6ac"/>
      </symbol>
      <symbol id="sm-a15">
         <name>UCS_clearFaultFlag</name>
         <value>0x125e6</value>
         <object_component_ref idref="oc-4a4"/>
      </symbol>
      <symbol id="sm-a16">
         <name>UCS_initFLL</name>
         <value>0x10d7c</value>
         <object_component_ref idref="oc-7d9"/>
      </symbol>
      <symbol id="sm-a17">
         <name>UCS_turnOffXT2</name>
         <value>0x125ae</value>
         <object_component_ref idref="oc-532"/>
      </symbol>
      <symbol id="sm-a18">
         <name>UCS_turnOnXT2WithTimeout</name>
         <value>0x11df2</value>
         <object_component_ref idref="oc-643"/>
      </symbol>
      <symbol id="sm-a25">
         <name>WDT_A_hold</name>
         <value>0x121e0</value>
         <object_component_ref idref="oc-585"/>
      </symbol>
      <symbol id="sm-a30">
         <name>__mspabi_remu</name>
         <value>0x12446</value>
         <object_component_ref idref="oc-65a"/>
      </symbol>
      <symbol id="sm-a31">
         <name>__mspabi_divu</name>
         <value>0x12446</value>
         <object_component_ref idref="oc-65a"/>
      </symbol>
      <symbol id="sm-a40">
         <name>__mspabi_remul</name>
         <value>0x11aaa</value>
         <object_component_ref idref="oc-6a2"/>
      </symbol>
      <symbol id="sm-a41">
         <name>__mspabi_divul</name>
         <value>0x11aaa</value>
         <object_component_ref idref="oc-6a2"/>
      </symbol>
      <symbol id="sm-a44">
         <name>__TI_int41</name>
         <value>0xffd2</value>
         <object_component_ref idref="oc-79"/>
      </symbol>
      <symbol id="sm-a47">
         <name>__TI_int42</name>
         <value>0xffd4</value>
         <object_component_ref idref="oc-7a"/>
      </symbol>
      <symbol id="sm-a4a">
         <name>__TI_int43</name>
         <value>0xffd6</value>
         <object_component_ref idref="oc-7b"/>
      </symbol>
      <symbol id="sm-a4d">
         <name>__TI_int44</name>
         <value>0xffd8</value>
         <object_component_ref idref="oc-7c"/>
      </symbol>
      <symbol id="sm-a50">
         <name>__TI_int45</name>
         <value>0xffda</value>
         <object_component_ref idref="oc-7d"/>
      </symbol>
      <symbol id="sm-a53">
         <name>__TI_int46</name>
         <value>0xffdc</value>
         <object_component_ref idref="oc-7e"/>
      </symbol>
      <symbol id="sm-a56">
         <name>__TI_int47</name>
         <value>0xffde</value>
         <object_component_ref idref="oc-7f"/>
      </symbol>
      <symbol id="sm-a59">
         <name>__TI_int49</name>
         <value>0xffe2</value>
         <object_component_ref idref="oc-81"/>
      </symbol>
      <symbol id="sm-a5c">
         <name>__TI_int50</name>
         <value>0xffe4</value>
         <object_component_ref idref="oc-82"/>
      </symbol>
      <symbol id="sm-a5f">
         <name>__TI_int52</name>
         <value>0xffe8</value>
         <object_component_ref idref="oc-84"/>
      </symbol>
      <symbol id="sm-a62">
         <name>__TI_int53</name>
         <value>0xffea</value>
         <object_component_ref idref="oc-85"/>
      </symbol>
      <symbol id="sm-a65">
         <name>__TI_int54</name>
         <value>0xffec</value>
         <object_component_ref idref="oc-86"/>
      </symbol>
      <symbol id="sm-a68">
         <name>__TI_int55</name>
         <value>0xffee</value>
         <object_component_ref idref="oc-87"/>
      </symbol>
      <symbol id="sm-a6b">
         <name>__TI_int56</name>
         <value>0xfff0</value>
         <object_component_ref idref="oc-88"/>
      </symbol>
      <symbol id="sm-a6e">
         <name>__TI_int57</name>
         <value>0xfff2</value>
         <object_component_ref idref="oc-89"/>
      </symbol>
      <symbol id="sm-a71">
         <name>__TI_int58</name>
         <value>0xfff4</value>
         <object_component_ref idref="oc-8a"/>
      </symbol>
      <symbol id="sm-a74">
         <name>__TI_int59</name>
         <value>0xfff6</value>
         <object_component_ref idref="oc-8b"/>
      </symbol>
      <symbol id="sm-a77">
         <name>__TI_int60</name>
         <value>0xfff8</value>
         <object_component_ref idref="oc-8c"/>
      </symbol>
      <symbol id="sm-a7a">
         <name>__TI_int62</name>
         <value>0xfffc</value>
         <object_component_ref idref="oc-8e"/>
      </symbol>
      <symbol id="sm-a82">
         <name>__TI_ISR_TRAP</name>
         <value>0x46ec</value>
         <object_component_ref idref="oc-3bb"/>
      </symbol>
      <symbol id="sm-a8b">
         <name>__mspabi_slli</name>
         <value>0x12590</value>
         <object_component_ref idref="oc-423"/>
      </symbol>
      <symbol id="sm-a94">
         <name>__mspabi_srli</name>
         <value>0x1259a</value>
         <object_component_ref idref="oc-65f"/>
      </symbol>
      <symbol id="sm-a9c">
         <name>__mspabi_srll_8</name>
         <value>0x11e8a</value>
         <object_component_ref idref="oc-6a7"/>
      </symbol>
      <symbol id="sm-a9d">
         <name>__mspabi_srll_9</name>
         <value>0x11e86</value>
         <object_component_ref idref="oc-6a7"/>
      </symbol>
      <symbol id="sm-a9e">
         <name>__mspabi_srll_6</name>
         <value>0x11e92</value>
         <object_component_ref idref="oc-6a7"/>
      </symbol>
      <symbol id="sm-a9f">
         <name>__mspabi_srll_7</name>
         <value>0x11e8e</value>
         <object_component_ref idref="oc-6a7"/>
      </symbol>
      <symbol id="sm-aa0">
         <name>__mspabi_srll_4</name>
         <value>0x11e9a</value>
         <object_component_ref idref="oc-6a7"/>
      </symbol>
      <symbol id="sm-aa1">
         <name>__mspabi_srll_5</name>
         <value>0x11e96</value>
         <object_component_ref idref="oc-6a7"/>
      </symbol>
      <symbol id="sm-aa2">
         <name>__mspabi_srll_2</name>
         <value>0x11ea2</value>
         <object_component_ref idref="oc-6a7"/>
      </symbol>
      <symbol id="sm-aa3">
         <name>__mspabi_srll_3</name>
         <value>0x11e9e</value>
         <object_component_ref idref="oc-6a7"/>
      </symbol>
      <symbol id="sm-aa4">
         <name>__mspabi_srll_1</name>
         <value>0x11ea6</value>
         <object_component_ref idref="oc-6a7"/>
      </symbol>
      <symbol id="sm-aa5">
         <name>__mspabi_srll_15</name>
         <value>0x11e6e</value>
         <object_component_ref idref="oc-6a7"/>
      </symbol>
      <symbol id="sm-aa6">
         <name>__mspabi_srll_14</name>
         <value>0x11e72</value>
         <object_component_ref idref="oc-6a7"/>
      </symbol>
      <symbol id="sm-aa7">
         <name>__mspabi_srll_13</name>
         <value>0x11e76</value>
         <object_component_ref idref="oc-6a7"/>
      </symbol>
      <symbol id="sm-aa8">
         <name>__mspabi_srll_12</name>
         <value>0x11e7a</value>
         <object_component_ref idref="oc-6a7"/>
      </symbol>
      <symbol id="sm-aa9">
         <name>__mspabi_srll_11</name>
         <value>0x11e7e</value>
         <object_component_ref idref="oc-6a7"/>
      </symbol>
      <symbol id="sm-aaa">
         <name>__mspabi_srll_10</name>
         <value>0x11e82</value>
         <object_component_ref idref="oc-6a7"/>
      </symbol>
      <symbol id="sm-ab3">
         <name>__mspabi_mpyi_f5hw</name>
         <value>0x123e8</value>
         <object_component_ref idref="oc-4f6"/>
      </symbol>
      <symbol id="sm-ac8">
         <name>_stack</name>
         <value>0x4360</value>
         <object_component_ref idref="oc-39f"/>
      </symbol>
      <symbol id="sm-ac9">
         <name>_c_int00_noargs</name>
         <value>0x46d0</value>
         <object_component_ref idref="oc-3e4"/>
      </symbol>
      <symbol id="sm-aca">
         <name>_reset_vector</name>
         <value>0xfffe</value>
         <object_component_ref idref="oc-3a2"/>
      </symbol>
      <symbol id="sm-aed">
         <name>__TI_auto_init_nobinit_nopinit_hold_wdt</name>
         <value>0x11b5a</value>
         <object_component_ref idref="oc-606"/>
      </symbol>
      <symbol id="sm-b00">
         <name>__TI_zero_init_nomemset</name>
         <value>0x12110</value>
         <object_component_ref idref="oc-3d2"/>
      </symbol>
      <symbol id="sm-b0b">
         <name>_system_pre_init</name>
         <value>0x12628</value>
         <object_component_ref idref="oc-4b9"/>
      </symbol>
      <symbol id="sm-b14">
         <name>_system_post_cinit</name>
         <value>0x1262c</value>
         <object_component_ref idref="oc-711"/>
      </symbol>
      <symbol id="sm-b25">
         <name>__TI_decompress_none</name>
         <value>0x124d8</value>
         <object_component_ref idref="oc-73"/>
      </symbol>
      <symbol id="sm-b48">
         <name>__TI_decompress_lzss</name>
         <value>0x117cc</value>
         <object_component_ref idref="oc-6d"/>
      </symbol>
      <symbol id="sm-b52">
         <name>C$$EXIT</name>
         <value>0x125f2</value>
         <object_component_ref idref="oc-5e2"/>
      </symbol>
      <symbol id="sm-b53">
         <name>abort</name>
         <value>0x125f2</value>
         <object_component_ref idref="oc-5e2"/>
      </symbol>
      <symbol id="sm-b63">
         <name>memcpy</name>
         <value>0x1249c</value>
         <object_component_ref idref="oc-3ae"/>
      </symbol>
      <symbol id="sm-b71">
         <name>memset</name>
         <value>0x12430</value>
         <object_component_ref idref="oc-650"/>
      </symbol>
   </symbol_table>
   <title>Link successful</title>
</link_info>
